Archive member included to satisfy reference by file (symbol)

/usr/lib/gcc/arm-none-eabi/10.3.1/thumb/v6-m/nofp/libgcc.a(_dvmd_tls.o)
                              CMakeFiles/wifi_test.dir/opt/pico-sdk/src/rp2_common/pico_divider/divider_hardware.S.o (__aeabi_idiv0)
/usr/lib/gcc/arm-none-eabi/10.3.1/../../../arm-none-eabi/lib/thumb/v6-m/nofp/libg.a(lib_a-atexit.o)
                              /usr/lib/gcc/arm-none-eabi/10.3.1/../../../arm-none-eabi/lib/thumb/v6-m/nofp/crt0.o (atexit)
/usr/lib/gcc/arm-none-eabi/10.3.1/../../../arm-none-eabi/lib/thumb/v6-m/nofp/libg.a(lib_a-atoi.o)
                              CMakeFiles/wifi_test.dir/opt/pico-sdk/lib/lwip/src/core/netif.c.o (atoi)
/usr/lib/gcc/arm-none-eabi/10.3.1/../../../arm-none-eabi/lib/thumb/v6-m/nofp/libg.a(lib_a-calloc.o)
                              CMakeFiles/wifi_test.dir/opt/pico-sdk/src/rp2_common/pico_malloc/malloc.c.o (calloc)
/usr/lib/gcc/arm-none-eabi/10.3.1/../../../arm-none-eabi/lib/thumb/v6-m/nofp/libg.a(lib_a-callocr.o)
                              /usr/lib/gcc/arm-none-eabi/10.3.1/../../../arm-none-eabi/lib/thumb/v6-m/nofp/libg.a(lib_a-calloc.o) (_calloc_r)
/usr/lib/gcc/arm-none-eabi/10.3.1/../../../arm-none-eabi/lib/thumb/v6-m/nofp/libg.a(lib_a-ctype_.o)
                              CMakeFiles/wifi_test.dir/opt/pico-sdk/lib/lwip/src/core/dns.c.o (_ctype_)
/usr/lib/gcc/arm-none-eabi/10.3.1/../../../arm-none-eabi/lib/thumb/v6-m/nofp/libg.a(lib_a-fini.o)
                              /usr/lib/gcc/arm-none-eabi/10.3.1/../../../arm-none-eabi/lib/thumb/v6-m/nofp/crt0.o (__libc_fini_array)
/usr/lib/gcc/arm-none-eabi/10.3.1/../../../arm-none-eabi/lib/thumb/v6-m/nofp/libg.a(lib_a-impure.o)
                              /usr/lib/gcc/arm-none-eabi/10.3.1/../../../arm-none-eabi/lib/thumb/v6-m/nofp/libg.a(lib_a-calloc.o) (_impure_ptr)
/usr/lib/gcc/arm-none-eabi/10.3.1/../../../arm-none-eabi/lib/thumb/v6-m/nofp/libg.a(lib_a-init.o)
                              /usr/lib/gcc/arm-none-eabi/10.3.1/../../../arm-none-eabi/lib/thumb/v6-m/nofp/crt0.o (__libc_init_array)
/usr/lib/gcc/arm-none-eabi/10.3.1/../../../arm-none-eabi/lib/thumb/v6-m/nofp/libg.a(lib_a-lcltime_r.o)
                              CMakeFiles/wifi_test.dir/opt/pico-sdk/src/common/pico_util/datetime.c.o (localtime_r)
/usr/lib/gcc/arm-none-eabi/10.3.1/../../../arm-none-eabi/lib/thumb/v6-m/nofp/libg.a(lib_a-malloc.o)
                              CMakeFiles/wifi_test.dir/opt/pico-sdk/src/rp2_common/pico_malloc/malloc.c.o (malloc)
/usr/lib/gcc/arm-none-eabi/10.3.1/../../../arm-none-eabi/lib/thumb/v6-m/nofp/libg.a(lib_a-mallocr.o)
                              /usr/lib/gcc/arm-none-eabi/10.3.1/../../../arm-none-eabi/lib/thumb/v6-m/nofp/libg.a(lib_a-callocr.o) (_malloc_r)
/usr/lib/gcc/arm-none-eabi/10.3.1/../../../arm-none-eabi/lib/thumb/v6-m/nofp/libg.a(lib_a-memcmp.o)
                              CMakeFiles/wifi_test.dir/opt/pico-sdk/src/rp2_common/pico_atomic/atomic.c.o (memcmp)
/usr/lib/gcc/arm-none-eabi/10.3.1/../../../arm-none-eabi/lib/thumb/v6-m/nofp/libg.a(lib_a-memmove.o)
                              CMakeFiles/wifi_test.dir/opt/pico-sdk/lib/lwip/src/core/def.c.o (memmove)
/usr/lib/gcc/arm-none-eabi/10.3.1/../../../arm-none-eabi/lib/thumb/v6-m/nofp/libg.a(lib_a-mktime.o)
                              CMakeFiles/wifi_test.dir/opt/pico-sdk/src/common/pico_util/datetime.c.o (mktime)
/usr/lib/gcc/arm-none-eabi/10.3.1/../../../arm-none-eabi/lib/thumb/v6-m/nofp/libg.a(lib_a-mlock.o)
                              /usr/lib/gcc/arm-none-eabi/10.3.1/../../../arm-none-eabi/lib/thumb/v6-m/nofp/libg.a(lib_a-mallocr.o) (__malloc_lock)
/usr/lib/gcc/arm-none-eabi/10.3.1/../../../arm-none-eabi/lib/thumb/v6-m/nofp/libg.a(lib_a-month_lengths.o)
                              /usr/lib/gcc/arm-none-eabi/10.3.1/../../../arm-none-eabi/lib/thumb/v6-m/nofp/libg.a(lib_a-lcltime_r.o) (__month_lengths)
/usr/lib/gcc/arm-none-eabi/10.3.1/../../../arm-none-eabi/lib/thumb/v6-m/nofp/libg.a(lib_a-realloc.o)
                              CMakeFiles/wifi_test.dir/opt/pico-sdk/src/rp2_common/pico_malloc/malloc.c.o (realloc)
/usr/lib/gcc/arm-none-eabi/10.3.1/../../../arm-none-eabi/lib/thumb/v6-m/nofp/libg.a(lib_a-reallocr.o)
                              /usr/lib/gcc/arm-none-eabi/10.3.1/../../../arm-none-eabi/lib/thumb/v6-m/nofp/libg.a(lib_a-realloc.o) (_realloc_r)
/usr/lib/gcc/arm-none-eabi/10.3.1/../../../arm-none-eabi/lib/thumb/v6-m/nofp/libg.a(lib_a-sbrkr.o)
                              /usr/lib/gcc/arm-none-eabi/10.3.1/../../../arm-none-eabi/lib/thumb/v6-m/nofp/libg.a(lib_a-mallocr.o) (_sbrk_r)
/usr/lib/gcc/arm-none-eabi/10.3.1/../../../arm-none-eabi/lib/thumb/v6-m/nofp/libg.a(lib_a-strlen-stub.o)
                              CMakeFiles/wifi_test.dir/opt/pico-sdk/src/rp2_common/pico_stdio/stdio.c.o (strlen)
/usr/lib/gcc/arm-none-eabi/10.3.1/../../../arm-none-eabi/lib/thumb/v6-m/nofp/libg.a(lib_a-strncmp.o)
[...]
Memory Configuration

Name             Origin             Length             Attributes
FLASH            0x0000000010000000 0x0000000000200000 xr
RAM              0x0000000020000000 0x0000000000040000 xrw
SCRATCH_X        0x0000000020040000 0x0000000000001000 xrw
SCRATCH_Y        0x0000000020041000 0x0000000000001000 xrw
*default*        0x0000000000000000 0xffffffffffffffff

Linker script and memory map

LOAD /usr/lib/gcc/arm-none-eabi/10.3.1/thumb/v6-m/nofp/crti.o
LOAD /usr/lib/gcc/arm-none-eabi/10.3.1/thumb/v6-m/nofp/crtbegin.o
LOAD /usr/lib/gcc/arm-none-eabi/10.3.1/../../../arm-none-eabi/lib/thumb/v6-m/nofp/crt0.o

.flash_begin    0x0000000010000000        0x0
                0x0000000010000000                __flash_binary_start = .

.boot2          0x0000000010000000      0x100
                0x0000000010000000                __boot2_start__ = .
 *(.boot2)
 .boot2         0x0000000010000000      0x100 pico-sdk/src/rp2040/boot_stage2/CMakeFiles/bs2_default_library.dir/bs2_default_padded_checksummed.S.o
                0x0000000010000100                __boot2_end__ = .
                0x0000000000000001                ASSERT (((__boot2_end__ - __boot2_start__) == 0x100), ERROR: Pico second stage bootloader must be 256 bytes in size)

.text           0x0000000010000100    0x17484
                0x0000000010000100                __logical_binary_start = .
 *(.vectors)
 .vectors       0x0000000010000100       0xd4 CMakeFiles/wifi_test.dir/opt/pico-sdk/src/rp2_common/pico_crt0/crt0.S.o
                0x0000000010000100                __vectors
                0x0000000010000100                __VECTOR_TABLE
                0x00000000100001c0                isr_irq30
                0x00000000100001c0                __unhandled_user_irq
                0x00000000100001c0                isr_irq13
                0x00000000100001c0                isr_irq27
                0x00000000100001c0                isr_irq31
                0x00000000100001c0                isr_irq5
                0x00000000100001c0                isr_irq11
                0x00000000100001c0                isr_irq23
                0x00000000100001c0                isr_irq18
                0x00000000100001c0                isr_irq28
                0x00000000100001c0                isr_irq19
                0x00000000100001c0                isr_irq0
                0x00000000100001c0                isr_irq6
                0x00000000100001c0                isr_irq22
                0x00000000100001c0                isr_irq17
                0x00000000100001c0                isr_irq14
                0x00000000100001c0                __vectors_end
                0x00000000100001c0                __default_isrs_start
                0x00000000100001c0                isr_irq2
                0x00000000100001c0                isr_irq10
                0x00000000100001c0                isr_irq8
                0x00000000100001c0                isr_irq24
                0x00000000100001c0                isr_irq1
                0x00000000100001c0                isr_irq7
                0x00000000100001c0                isr_irq21
                0x00000000100001c0                isr_irq20
                0x00000000100001c0                isr_irq15
                0x00000000100001c0                isr_irq25
                0x00000000100001c0                isr_irq4
                0x00000000100001c0                isr_irq16
                0x00000000100001c0                isr_irq29
                0x00000000100001c0                isr_irq26
                0x00000000100001c0                isr_irq3
                0x00000000100001c0                isr_irq12
                0x00000000100001c0                isr_irq9
                0x00000000100001c6                unhandled_user_irq_num_in_r0
                0x00000000100001c8                isr_invalid
                0x00000000100001ca                isr_nmi
                0x00000000100001cc                isr_hardfault
                0x00000000100001ce                isr_svcall
                0x00000000100001d0                isr_pendsv
                0x00000000100001d2                isr_systick
                0x00000000100001d4                __default_isrs_end
 *(.binary_info_header)
 .binary_info_header
                0x00000000100001d4       0x14 CMakeFiles/wifi_test.dir/opt/pico-sdk/src/rp2_common/pico_crt0/crt0.S.o
                0x00000000100001e8                __binary_info_header_end = .
 *(.embedded_block)
                0x00000000100001e8                __embedded_block_end = .
 *(.reset)
 .reset         0x00000000100001e8       0x9c CMakeFiles/wifi_test.dir/opt/pico-sdk/src/rp2_common/pico_crt0/crt0.S.o
                0x00000000100001e8                _entry_point
 *(.init)
 .init          0x0000000010000284        0x4 /usr/lib/gcc/arm-none-eabi/10.3.1/thumb/v6-m/nofp/crti.o
                0x0000000010000284                _init
 *(EXCLUDE_FILE(*libm.a: *libc.a:*lib_a-mem*.o *libgcc.a:) .text*)
 .text          0x0000000010000288       0x98 /usr/lib/gcc/arm-none-eabi/10.3.1/thumb/v6-m/nofp/crtbegin.o
 .text.startup.main
                0x0000000010000320       0x90 CMakeFiles/wifi_test.dir/src/main.c.o
                0x0000000010000320                main
 .text.gpio_set_function
                0x00000000100003b0       0x34 CMakeFiles/wifi_test.dir/opt/pico-sdk/src/rp2_common/hardware_gpio/gpio.c.o
                0x00000000100003b0                gpio_set_function
 .text.gpio_set_pulls
                0x00000000100003e4       0x34 CMakeFiles/wifi_test.dir/opt/pico-sdk/src/rp2_common/hardware_gpio/gpio.c.o
                0x00000000100003e4                gpio_set_pulls
 .text.gpio_set_input_hysteresis_enabled
                0x0000000010000418       0x28 CMakeFiles/wifi_test.dir/opt/pico-sdk/src/rp2_common/hardware_gpio/gpio.c.o
                0x0000000010000418                gpio_set_input_hysteresis_enabled
 .text.gpio_set_irq_enabled
                0x0000000010000440       0x58 CMakeFiles/wifi_test.dir/opt/pico-sdk/src/rp2_common/hardware_gpio/gpio.c.o
                0x0000000010000440                gpio_set_irq_enabled
 .text.gpio_add_raw_irq_handler_with_order_priority_masked
                0x0000000010000498       0x44 CMakeFiles/wifi_test.dir/opt/pico-sdk/src/rp2_common/hardware_gpio/gpio.c.o
                0x0000000010000498                gpio_add_raw_irq_handler_with_order_priority_masked
 .text.gpio_remove_raw_irq_handler_masked
                0x00000000100004dc       0x20 CMakeFiles/wifi_test.dir/opt/pico-sdk/src/rp2_common/hardware_gpio/gpio.c.o
                0x00000000100004dc                gpio_remove_raw_irq_handler_masked
 .text.gpio_init
                0x00000000100004fc       0x40 CMakeFiles/wifi_test.dir/opt/pico-sdk/src/rp2_common/hardware_gpio/gpio.c.o
                0x00000000100004fc                gpio_init
 .text.rp2040_chip_version
                0x000000001000053c        0xc CMakeFiles/wifi_test.dir/opt/pico-sdk/src/rp2040/pico_platform/platform.c.o
                0x000000001000053c                rp2040_chip_version
 .text.panic    0x0000000010000548       0x30 CMakeFiles/wifi_test.dir/opt/pico-sdk/src/rp2_common/pico_platform_panic/panic.c.o
                0x0000000010000548                panic
 .text.hw_claim_lock
                0x0000000010000578       0x18 CMakeFiles/wifi_test.dir/opt/pico-sdk/src/common/hardware_claim/claim.c.o
                0x0000000010000578                hw_claim_lock
 .text.hw_claim_unlock
                0x0000000010000590       0x14 CMakeFiles/wifi_test.dir/opt/pico-sdk/src/common/hardware_claim/claim.c.o
                0x0000000010000590                hw_claim_unlock
 .text.hw_claim_or_assert
                0x00000000100005a4       0x44 CMakeFiles/wifi_test.dir/opt/pico-sdk/src/common/hardware_claim/claim.c.o
                0x00000000100005a4                hw_claim_or_assert
 .text.hw_claim_unused_from_range
                0x00000000100005e8       0x9c CMakeFiles/wifi_test.dir/opt/pico-sdk/src/common/hardware_claim/claim.c.o
                0x00000000100005e8                hw_claim_unused_from_range
 .text.hw_claim_clear
                0x0000000010000684       0x38 CMakeFiles/wifi_test.dir/opt/pico-sdk/src/common/hardware_claim/claim.c.o
                0x0000000010000684                hw_claim_clear
 .text.next_striped_spin_lock_num
                0x00000000100006bc       0x18 CMakeFiles/wifi_test.dir/opt/pico-sdk/src/rp2_common/hardware_sync/sync.c.o
                0x00000000100006bc                next_striped_spin_lock_num
 .text.spin_lock_claim_unused
                0x00000000100006d4       0x20 CMakeFiles/wifi_test.dir/opt/pico-sdk/src/rp2_common/hardware_sync/sync.c.o
                0x00000000100006d4                spin_lock_claim_unused
 .text.spin_locks_reset
                0x00000000100006f4       0x1c CMakeFiles/wifi_test.dir/opt/pico-sdk/src/rp2_common/hardware_sync_spin_lock/sync_spin_lock.c.o
                0x00000000100006f4                spin_locks_reset
 .text.runtime_init_per_core_irq_priorities
                0x0000000010000710       0x24 CMakeFiles/wifi_test.dir/opt/pico-sdk/src/rp2_common/hardware_irq/irq.c.o
                0x0000000010000710                runtime_init_per_core_irq_priorities
 .text.irq_set_enabled
                0x0000000010000734       0x24 CMakeFiles/wifi_test.dir/opt/pico-sdk/src/rp2_common/hardware_irq/irq.c.o
                0x0000000010000734                irq_set_enabled
 .text.irq_is_enabled
                0x0000000010000758       0x18 CMakeFiles/wifi_test.dir/opt/pico-sdk/src/rp2_common/hardware_irq/irq.c.o
                0x0000000010000758                irq_is_enabled
 .text.irq_set_pending
                0x0000000010000770       0x10 CMakeFiles/wifi_test.dir/opt/pico-sdk/src/rp2_common/hardware_irq/irq.c.o
                0x0000000010000770                irq_set_pending
 .text.irq_has_shared_handler
                0x0000000010000780       0x24 CMakeFiles/wifi_test.dir/opt/pico-sdk/src/rp2_common/hardware_irq/irq.c.o
                0x0000000010000780                irq_has_shared_handler
 .text.irq_set_exclusive_handler
                0x00000000100007a4       0x54 CMakeFiles/wifi_test.dir/opt/pico-sdk/src/rp2_common/hardware_irq/irq.c.o
                0x00000000100007a4                irq_set_exclusive_handler
 .text.irq_add_shared_handler
                0x00000000100007f8      0x1e8 CMakeFiles/wifi_test.dir/opt/pico-sdk/src/rp2_common/hardware_irq/irq.c.o
                0x00000000100007f8                irq_add_shared_handler
 .text.irq_remove_handler
                0x00000000100009e0      0x1c4 CMakeFiles/wifi_test.dir/opt/pico-sdk/src/rp2_common/hardware_irq/irq.c.o
                0x00000000100009e0                irq_remove_handler
 .text.irq_set_priority
                0x0000000010000ba4       0x28 CMakeFiles/wifi_test.dir/opt/pico-sdk/src/rp2_common/hardware_irq/irq.c.o
                0x0000000010000ba4                irq_set_priority
 .text.irq_add_tail_to_free_list
                0x0000000010000bcc       0xb4 CMakeFiles/wifi_test.dir/opt/pico-sdk/src/rp2_common/hardware_irq/irq.c.o
                0x0000000010000bcc                irq_add_tail_to_free_list
 .text.user_irq_unclaim
                0x0000000010000c80       0x14 CMakeFiles/wifi_test.dir/opt/pico-sdk/src/rp2_common/hardware_irq/irq.c.o
                0x0000000010000c80                user_irq_unclaim
 .text.user_irq_claim_unused
                0x0000000010000c94       0x28 CMakeFiles/wifi_test.dir/opt/pico-sdk/src/rp2_common/hardware_irq/irq.c.o
                0x0000000010000c94                user_irq_claim_unused
 .text.sem_init
                0x0000000010000cbc       0x20 CMakeFiles/wifi_test.dir/opt/pico-sdk/src/common/pico_sync/sem.c.o
                0x0000000010000cbc                sem_init
 .text.lock_init
                0x0000000010000cdc       0x10 CMakeFiles/wifi_test.dir/opt/pico-sdk/src/common/pico_sync/lock_core.c.o
                0x0000000010000cdc                lock_init
 .text.runtime_init_mutex
                0x0000000010000cec       0x58 CMakeFiles/wifi_test.dir/opt/pico-sdk/src/common/pico_sync/mutex.c.o
                0x0000000010000cec                runtime_init_mutex
 .text.mutex_init
                0x0000000010000d44       0x1c CMakeFiles/wifi_test.dir/opt/pico-sdk/src/common/pico_sync/mutex.c.o
                0x0000000010000d44                mutex_init
 .text.recursive_mutex_init
                0x0000000010000d60       0x1c CMakeFiles/wifi_test.dir/opt/pico-sdk/src/common/pico_sync/mutex.c.o
                0x0000000010000d60                recursive_mutex_init
 .text.critical_section_init
                0x0000000010000d7c       0x20 CMakeFiles/wifi_test.dir/opt/pico-sdk/src/common/pico_sync/critical_section.c.o
                0x0000000010000d7c                critical_section_init
 .text.critical_section_init_with_lock_num
                0x0000000010000d9c       0x14 CMakeFiles/wifi_test.dir/opt/pico-sdk/src/common/pico_sync/critical_section.c.o
                0x0000000010000d9c                critical_section_init_with_lock_num
 .text.sleep_until_callback
                0x0000000010000db0       0x30 CMakeFiles/wifi_test.dir/opt/pico-sdk/src/common/pico_time/time.c.o
 .text.alarm_pool_irq_handler
                0x0000000010000de0      0x308 CMakeFiles/wifi_test.dir/opt/pico-sdk/src/common/pico_time/time.c.o
 .text.runtime_init_default_alarm_pool
                0x00000000100010e8       0xdc CMakeFiles/wifi_test.dir/opt/pico-sdk/src/common/pico_time/time.c.o
                0x00000000100010e8                runtime_init_default_alarm_pool
 .text.alarm_pool_get_default
                0x00000000100011c4        0x8 CMakeFiles/wifi_test.dir/opt/pico-sdk/src/common/pico_time/time.c.o
                0x00000000100011c4                alarm_pool_get_default
 .text.alarm_pool_add_alarm_at
                0x00000000100011cc       0xc8 CMakeFiles/wifi_test.dir/opt/pico-sdk/src/common/pico_time/time.c.o
                0x00000000100011cc                alarm_pool_add_alarm_at
 .text.alarm_pool_add_alarm_at_force_in_context
                0x0000000010001294       0xb0 CMakeFiles/wifi_test.dir/opt/pico-sdk/src/common/pico_time/time.c.o
                0x0000000010001294                alarm_pool_add_alarm_at_force_in_context
 .text.alarm_pool_cancel_alarm
                0x0000000010001344       0x7c CMakeFiles/wifi_test.dir/opt/pico-sdk/src/common/pico_time/time.c.o
                0x0000000010001344                alarm_pool_cancel_alarm
 .text.alarm_pool_core_num
                0x00000000100013c0        0x4 CMakeFiles/wifi_test.dir/opt/pico-sdk/src/common/pico_time/time.c.o
                0x00000000100013c0                alarm_pool_core_num
 .text.sleep_until
                0x00000000100013c4       0xd0 CMakeFiles/wifi_test.dir/opt/pico-sdk/src/common/pico_time/time.c.o
                0x00000000100013c4                sleep_until
 .text.sleep_ms
                0x0000000010001494       0x34 CMakeFiles/wifi_test.dir/opt/pico-sdk/src/common/pico_time/time.c.o
                0x0000000010001494                sleep_ms
 .text.best_effort_wfe_or_timeout
                0x00000000100014c8       0xfc CMakeFiles/wifi_test.dir/opt/pico-sdk/src/common/pico_time/time.c.o
                0x00000000100014c8                best_effort_wfe_or_timeout
 .text.timer_hardware_alarm_claim
                0x00000000100015c4       0x14 CMakeFiles/wifi_test.dir/opt/pico-sdk/src/rp2_common/hardware_timer/timer.c.o
                0x00000000100015c4                timer_hardware_alarm_claim
 .text.timer_time_us_64
                0x00000000100015d8       0x10 CMakeFiles/wifi_test.dir/opt/pico-sdk/src/rp2_common/hardware_timer/timer.c.o
                0x00000000100015d8                timer_time_us_64
 .text.time_us_64
                0x00000000100015e8       0x14 CMakeFiles/wifi_test.dir/opt/pico-sdk/src/rp2_common/hardware_timer/timer.c.o
                0x00000000100015e8                time_us_64
 .text.busy_wait_until
                0x00000000100015fc       0x20 CMakeFiles/wifi_test.dir/opt/pico-sdk/src/rp2_common/hardware_timer/timer.c.o
                0x00000000100015fc                busy_wait_until
 .text.clock_configure_int_divider
                0x000000001000161c       0xf4 CMakeFiles/wifi_test.dir/opt/pico-sdk/src/rp2_common/hardware_clocks/clocks.c.o
                0x000000001000161c                clock_configure_int_divider
 .text.clock_configure_undivided
                0x0000000010001710       0xe8 CMakeFiles/wifi_test.dir/opt/pico-sdk/src/rp2_common/hardware_clocks/clocks.c.o
                0x0000000010001710                clock_configure_undivided
 .text.clock_get_hz
                0x00000000100017f8        0xc CMakeFiles/wifi_test.dir/opt/pico-sdk/src/rp2_common/hardware_clocks/clocks.c.o
                0x00000000100017f8                clock_get_hz
 .text.pll_init
                0x0000000010001804       0xa0 CMakeFiles/wifi_test.dir/opt/pico-sdk/src/rp2_common/hardware_pll/pll.c.o
                0x0000000010001804                pll_init
 .text.watchdog_reboot
                0x00000000100018a4       0x98 CMakeFiles/wifi_test.dir/opt/pico-sdk/src/rp2_common/hardware_watchdog/watchdog.c.o
                0x00000000100018a4                watchdog_reboot
 .text.tick_start
                0x000000001000193c       0x10 CMakeFiles/wifi_test.dir/opt/pico-sdk/src/rp2_common/hardware_ticks/ticks.c.o
                0x000000001000193c                tick_start
 .text.rom_func_lookup
                0x000000001000194c       0x10 CMakeFiles/wifi_test.dir/opt/pico-sdk/src/rp2_common/pico_bootrom/bootrom.c.o
                0x000000001000194c                rom_func_lookup
 .text.rom_data_lookup
                0x000000001000195c       0x10 CMakeFiles/wifi_test.dir/opt/pico-sdk/src/rp2_common/pico_bootrom/bootrom.c.o
                0x000000001000195c                rom_data_lookup
 .text.rom_funcs_lookup
                0x000000001000196c       0x44 CMakeFiles/wifi_test.dir/opt/pico-sdk/src/rp2_common/pico_bootrom/bootrom.c.o
                0x000000001000196c                rom_funcs_lookup
 .text.rom_reset_usb_boot_extra
                0x00000000100019b0       0x28 CMakeFiles/wifi_test.dir/opt/pico-sdk/src/rp2_common/pico_bootrom/bootrom.c.o
                0x00000000100019b0                rom_reset_usb_boot_extra
 .text.xosc_init
                0x00000000100019d8       0x28 CMakeFiles/wifi_test.dir/opt/pico-sdk/src/rp2_common/hardware_xosc/xosc.c.o
                0x00000000100019d8                xosc_init
 .text.first_per_core_initializer
                0x0000000010001a00        0x4 CMakeFiles/wifi_test.dir/opt/pico-sdk/src/rp2_common/pico_runtime/runtime.c.o
 .text.hard_assertion_failure
                0x0000000010001a04        0xc CMakeFiles/wifi_test.dir/opt/pico-sdk/src/rp2_common/pico_runtime/runtime.c.o
                0x0000000010001a04                hard_assertion_failure
 .text.runtime_run_initializers
                0x0000000010001a10       0x28 CMakeFiles/wifi_test.dir/opt/pico-sdk/src/rp2_common/pico_runtime/runtime.c.o
                0x0000000010001a10                runtime_run_initializers
 .text.runtime_init_early_resets
                0x0000000010001a38       0x2c CMakeFiles/wifi_test.dir/opt/pico-sdk/src/rp2_common/pico_runtime_init/runtime_init.c.o
                0x0000000010001a38                runtime_init_early_resets
 .text.runtime_init_usb_power_down
                0x0000000010001a64       0x1c CMakeFiles/wifi_test.dir/opt/pico-sdk/src/rp2_common/pico_runtime_init/runtime_init.c.o
                0x0000000010001a64                runtime_init_usb_power_down
 .text.runtime_init_post_clock_resets
                0x0000000010001a80       0x20 CMakeFiles/wifi_test.dir/opt/pico-sdk/src/rp2_common/pico_runtime_init/runtime_init.c.o
                0x0000000010001a80                runtime_init_post_clock_resets
 .text.runtime_init_rp2040_gpio_ie_disable
                0x0000000010001aa0       0x14 CMakeFiles/wifi_test.dir/opt/pico-sdk/src/rp2_common/pico_runtime_init/runtime_init.c.o
                0x0000000010001aa0                runtime_init_rp2040_gpio_ie_disable
 .text.runtime_init_spin_locks_reset
                0x0000000010001ab4        0x8 CMakeFiles/wifi_test.dir/opt/pico-sdk/src/rp2_common/pico_runtime_init/runtime_init.c.o
                0x0000000010001ab4                runtime_init_spin_locks_reset
 .text.runtime_init_install_ram_vector_table
                0x0000000010001abc       0xcc CMakeFiles/wifi_test.dir/opt/pico-sdk/src/rp2_common/pico_runtime_init/runtime_init.c.o
                0x0000000010001abc                runtime_init_install_ram_vector_table
 .text.runtime_init_clocks
                0x0000000010001b88       0xd8 CMakeFiles/wifi_test.dir/opt/pico-sdk/src/rp2_common/pico_runtime_init/runtime_init_clocks.c.o
                0x0000000010001b88                runtime_init_clocks
 .text          0x0000000010001c60       0x10 CMakeFiles/wifi_test.dir/opt/pico-sdk/src/rp2_common/pico_bit_ops/bit_ops_aeabi.S.o
 .text.ctzsi    0x0000000010001c70        0xc CMakeFiles/wifi_test.dir/opt/pico-sdk/src/rp2_common/pico_bit_ops/bit_ops_aeabi.S.o
                0x0000000010001c70                __wrap___ctzsi2
 .text.__wrap___aeabi_idiv
                0x0000000010001c7c       0x50 CMakeFiles/wifi_test.dir/opt/pico-sdk/src/rp2_common/pico_divider/divider_hardware.S.o
                0x0000000010001c7c                __wrap___aeabi_idivmod
                0x0000000010001c7c                divmod_s32s32
                0x0000000010001c7c                div_s32s32
                0x0000000010001c7c                __wrap___aeabi_idiv
                0x0000000010001c84                divmod_s32s32_unsafe
                0x0000000010001cb0                divmod_s32s32_savestate
 .text.__wrap___aeabi_uidiv
                0x0000000010001ccc       0x4c CMakeFiles/wifi_test.dir/opt/pico-sdk/src/rp2_common/pico_divider/divider_hardware.S.o
                0x0000000010001ccc                __wrap___aeabi_uidiv
                0x0000000010001ccc                __wrap___aeabi_uidivmod
                0x0000000010001ccc                div_u32u32
                0x0000000010001ccc                divmod_u32u32
                0x0000000010001cd4                divmod_u32u32_unsafe
                0x0000000010001cfc                divmod_u32u32_savestate
 .text.__wrap___aeabi_ldiv
                0x0000000010001d18      0x424 CMakeFiles/wifi_test.dir/opt/pico-sdk/src/rp2_common/pico_divider/divider_hardware.S.o
                0x0000000010001d18                div_s64s64
                0x0000000010001d18                divmod_s64s64
                0x0000000010001d18                __wrap___aeabi_ldivmod
                0x0000000010001d48                div_u64u64
                0x0000000010001d48                divmod_u64u64
                0x0000000010001d48                __wrap___aeabi_uldivmod
                0x0000000010001d58                divmod_u64u64_savestate
                0x0000000010001d78                divmod_s64s64_unsafe
                0x0000000010001e00                divmod_u64u64_unsafe
 .text.__wrap___aeabi_darithmetic
                0x000000001000213c       0x60 CMakeFiles/wifi_test.dir/opt/pico-sdk/src/rp2_common/pico_double/double_aeabi_rp2040.S.o
                0x000000001000213c                __wrap___aeabi_drsub
                0x0000000010002142                __wrap___aeabi_dsub
                0x000000001000214c                __wrap___aeabi_dadd
                0x0000000010002156                __wrap___aeabi_ddiv
                0x000000001000218a                __wrap___aeabi_dmul
 .text.__wrap___aeabi_cdcmple
                0x000000001000219c       0x6c CMakeFiles/wifi_test.dir/opt/pico-sdk/src/rp2_common/pico_double/double_aeabi_rp2040.S.o
                0x000000001000219c                __wrap___aeabi_cdrcmple
                0x00000000100021ac                __wrap___aeabi_cdcmple
                0x00000000100021ac                __wrap___aeabi_cdcmpeq
 .text.__wrap___aeabi_dcmplt
                0x0000000010002208        0xc CMakeFiles/wifi_test.dir/opt/pico-sdk/src/rp2_common/pico_double/double_aeabi_rp2040.S.o
                0x0000000010002208                __wrap___aeabi_dcmplt
 .text.__wrap___aeabi_dcmple
                0x0000000010002214       0x10 CMakeFiles/wifi_test.dir/opt/pico-sdk/src/rp2_common/pico_double/double_aeabi_rp2040.S.o
                0x0000000010002214                __wrap___aeabi_dcmple
 .text.__wrap___aeabi_dcmpge
                0x0000000010002224       0x10 CMakeFiles/wifi_test.dir/opt/pico-sdk/src/rp2_common/pico_double/double_aeabi_rp2040.S.o
                0x0000000010002224                __wrap___aeabi_dcmpge
 .text.__wrap___aeabi_dcmpgt
                0x0000000010002234        0xa CMakeFiles/wifi_test.dir/opt/pico-sdk/src/rp2_common/pico_double/double_aeabi_rp2040.S.o
                0x0000000010002234                __wrap___aeabi_dcmpgt
 .text.__wrap___aeabi_dcmpun
                0x000000001000223e       0x18 CMakeFiles/wifi_test.dir/opt/pico-sdk/src/rp2_common/pico_double/double_aeabi_rp2040.S.o
                0x000000001000223e                __wrap___aeabi_dcmpun
 *fill*         0x0000000010002256        0x2 
 .text.__wrap___aeabi_i2d
                0x0000000010002258       0x38 CMakeFiles/wifi_test.dir/opt/pico-sdk/src/rp2_common/pico_double/double_aeabi_rp2040.S.o
                0x0000000010002258                __wrap___aeabi_ui2d
                0x0000000010002258                uint2double
                0x0000000010002260                __wrap___aeabi_i2d
                0x0000000010002260                int2double
 .text.__wrap___aeabi_d2iz
                0x0000000010002290       0x48 CMakeFiles/wifi_test.dir/opt/pico-sdk/src/rp2_common/pico_double/double_aeabi_rp2040.S.o
                0x0000000010002290                __wrap___aeabi_d2iz
                0x0000000010002290                double2int_z
 .text.__wrap___aeabi_d2uiz
                0x00000000100022d8       0x10 CMakeFiles/wifi_test.dir/opt/pico-sdk/src/rp2_common/pico_double/double_aeabi_rp2040.S.o
                0x00000000100022d8                double2uint_z
                0x00000000100022d8                double2uint
                0x00000000100022d8                __wrap___aeabi_d2uiz
 .text.missing_double_func_shim
                0x00000000100022e8        0xc CMakeFiles/wifi_test.dir/opt/pico-sdk/src/rp2_common/pico_double/double_init_rom_rp2040.c.o
 .text.__aeabi_double_init
                0x00000000100022f4       0xa4 CMakeFiles/wifi_test.dir/opt/pico-sdk/src/rp2_common/pico_double/double_init_rom_rp2040.c.o
                0x00000000100022f4                __aeabi_double_init
 .text.double_table_shim_on_use_helper
                0x0000000010002398       0x2c CMakeFiles/wifi_test.dir/opt/pico-sdk/src/rp2_common/pico_double/double_v1_rom_shim_rp2040.S.o
                0x0000000010002398                double_table_shim_on_use_helper
 .text.__aeabi_lmul
                0x00000000100023c4       0x32 CMakeFiles/wifi_test.dir/opt/pico-sdk/src/rp2_common/pico_int64_ops/pico_int64_ops_aeabi.S.o
                0x00000000100023c4                __wrap___aeabi_lmul
 *fill*         0x00000000100023f6        0x2 
 .text.missing_float_func_shim
                0x00000000100023f8        0xc CMakeFiles/wifi_test.dir/opt/pico-sdk/src/rp2_common/pico_float/float_init_rom_rp2040.c.o
 .text.__aeabi_float_init
                0x0000000010002404       0x5c CMakeFiles/wifi_test.dir/opt/pico-sdk/src/rp2_common/pico_float/float_init_rom_rp2040.c.o
                0x0000000010002404                __aeabi_float_init
 .text          0x0000000010002460       0x10 CMakeFiles/wifi_test.dir/opt/pico-sdk/src/rp2_common/pico_mem_ops/mem_ops_aeabi.S.o
                0x0000000010002460                __aeabi_mem_init
 .text.memset   0x0000000010002470        0xc CMakeFiles/wifi_test.dir/opt/pico-sdk/src/rp2_common/pico_mem_ops/mem_ops_aeabi.S.o
                0x0000000010002470                __wrap_memset
 .text.memcpy   0x000000001000247c        0xc CMakeFiles/wifi_test.dir/opt/pico-sdk/src/rp2_common/pico_mem_ops/mem_ops_aeabi.S.o
                0x000000001000247c                __wrap___aeabi_memcpy
                0x000000001000247c                __wrap_memcpy
 .text._out_null
                0x0000000010002488        0x4 CMakeFiles/wifi_test.dir/opt/pico-sdk/src/rp2_common/pico_printf/printf.c.o
 .text._out_rev
                0x000000001000248c       0x9c CMakeFiles/wifi_test.dir/opt/pico-sdk/src/rp2_common/pico_printf/printf.c.o
 .text._ntoa_format
                0x0000000010002528      0x1cc CMakeFiles/wifi_test.dir/opt/pico-sdk/src/rp2_common/pico_printf/printf.c.o
 .text._out_char
                0x00000000100026f4       0x10 CMakeFiles/wifi_test.dir/opt/pico-sdk/src/rp2_common/pico_printf/printf.c.o
 .text._out_fct
                0x0000000010002704       0x10 CMakeFiles/wifi_test.dir/opt/pico-sdk/src/rp2_common/pico_printf/printf.c.o
 .text._etoa    0x0000000010002714      0x44c CMakeFiles/wifi_test.dir/opt/pico-sdk/src/rp2_common/pico_printf/printf.c.o
 .text._ftoa    0x0000000010002b60      0x398 CMakeFiles/wifi_test.dir/opt/pico-sdk/src/rp2_common/pico_printf/printf.c.o
 .text._vsnprintf
                0x0000000010002ef8      0xb04 CMakeFiles/wifi_test.dir/opt/pico-sdk/src/rp2_common/pico_printf/printf.c.o
 .text.vfctprintf
                0x00000000100039fc       0x20 CMakeFiles/wifi_test.dir/opt/pico-sdk/src/rp2_common/pico_printf/printf.c.o
                0x00000000100039fc                vfctprintf
 .text.weak_raw_vprintf
                0x0000000010003a1c       0x30 CMakeFiles/wifi_test.dir/opt/pico-sdk/src/rp2_common/pico_printf/printf.c.o
                0x0000000010003a1c                weak_raw_vprintf
 .text._exit    0x0000000010003a4c        0x4 CMakeFiles/wifi_test.dir/opt/pico-sdk/src/rp2_common/pico_clib_interface/newlib_interface.c.o
                0x0000000010003a4c                _exit
 .text.exit     0x0000000010003a50        0x8 CMakeFiles/wifi_test.dir/opt/pico-sdk/src/rp2_common/pico_clib_interface/newlib_interface.c.o
                0x0000000010003a50                exit
 .text.runtime_init
                0x0000000010003a58       0x2c CMakeFiles/wifi_test.dir/opt/pico-sdk/src/rp2_common/pico_clib_interface/newlib_interface.c.o
                0x0000000010003a58                runtime_init
 .text.stdio_out_chars_no_crlf
                0x0000000010003a84       0x10 CMakeFiles/wifi_test.dir/opt/pico-sdk/src/rp2_common/pico_stdio/stdio.c.o
 .text.stdio_out_chars_crlf
                0x0000000010003a94       0xb4 CMakeFiles/wifi_test.dir/opt/pico-sdk/src/rp2_common/pico_stdio/stdio.c.o
 .text.stdio_buffered_printer
                0x0000000010003b48       0x64 CMakeFiles/wifi_test.dir/opt/pico-sdk/src/rp2_common/pico_stdio/stdio.c.o
 .text.stdio_put_string
                0x0000000010003bac      0x100 CMakeFiles/wifi_test.dir/opt/pico-sdk/src/rp2_common/pico_stdio/stdio.c.o
                0x0000000010003bac                stdio_put_string
 .text.stdio_set_driver_enabled
                0x0000000010003cac       0x30 CMakeFiles/wifi_test.dir/opt/pico-sdk/src/rp2_common/pico_stdio/stdio.c.o
                0x0000000010003cac                stdio_set_driver_enabled
 .text.stdio_init_all
                0x0000000010003cdc        0x8 CMakeFiles/wifi_test.dir/opt/pico-sdk/src/rp2_common/pico_stdio/stdio.c.o
                0x0000000010003cdc                stdio_init_all
 .text.__wrap_putchar
                0x0000000010003ce4       0x98 CMakeFiles/wifi_test.dir/opt/pico-sdk/src/rp2_common/pico_stdio/stdio.c.o
                0x0000000010003ce4                stdio_putchar
                0x0000000010003ce4                __wrap_putchar
 .text.__wrap_puts
                0x0000000010003d7c       0x3c CMakeFiles/wifi_test.dir/opt/pico-sdk/src/rp2_common/pico_stdio/stdio.c.o
                0x0000000010003d7c                __wrap_puts
                0x0000000010003d7c                stdio_puts
 .text.__wrap_vprintf
                0x0000000010003db8       0xd8 CMakeFiles/wifi_test.dir/opt/pico-sdk/src/rp2_common/pico_stdio/stdio.c.o
                0x0000000010003db8                __wrap_vprintf
                0x0000000010003db8                stdio_vprintf
 .text.__wrap_printf
                0x0000000010003e90       0x18 CMakeFiles/wifi_test.dir/opt/pico-sdk/src/rp2_common/pico_stdio/stdio.c.o
                0x0000000010003e90                stdio_printf
                0x0000000010003e90                __wrap_printf
 .text.resetd_init
                0x0000000010003ea8        0x4 CMakeFiles/wifi_test.dir/opt/pico-sdk/src/rp2_common/pico_stdio_usb/reset_interface.c.o
 .text.resetd_reset
                0x0000000010003eac        0xc CMakeFiles/wifi_test.dir/opt/pico-sdk/src/rp2_common/pico_stdio_usb/reset_interface.c.o
 .text.resetd_open
                0x0000000010003eb8       0x28 CMakeFiles/wifi_test.dir/opt/pico-sdk/src/rp2_common/pico_stdio_usb/reset_interface.c.o
 .text.resetd_xfer_cb
                0x0000000010003ee0        0x4 CMakeFiles/wifi_test.dir/opt/pico-sdk/src/rp2_common/pico_stdio_usb/reset_interface.c.o
 .text.resetd_control_xfer_cb
                0x0000000010003ee4       0x60 CMakeFiles/wifi_test.dir/opt/pico-sdk/src/rp2_common/pico_stdio_usb/reset_interface.c.o
 .text.tud_descriptor_bos_cb
                0x0000000010003f44        0x8 CMakeFiles/wifi_test.dir/opt/pico-sdk/src/rp2_common/pico_stdio_usb/reset_interface.c.o
                0x0000000010003f44                tud_descriptor_bos_cb
 .text.tud_vendor_control_xfer_cb
                0x0000000010003f4c       0x34 CMakeFiles/wifi_test.dir/opt/pico-sdk/src/rp2_common/pico_stdio_usb/reset_interface.c.o
                0x0000000010003f4c                tud_vendor_control_xfer_cb
 .text.usbd_app_driver_get_cb
                0x0000000010003f80        0xc CMakeFiles/wifi_test.dir/opt/pico-sdk/src/rp2_common/pico_stdio_usb/reset_interface.c.o
                0x0000000010003f80                usbd_app_driver_get_cb
 .text.tud_cdc_line_coding_cb
                0x0000000010003f8c       0x2c CMakeFiles/wifi_test.dir/opt/pico-sdk/src/rp2_common/pico_stdio_usb/reset_interface.c.o
                0x0000000010003f8c                tud_cdc_line_coding_cb
 .text.stdio_usb_set_chars_available_callback
                0x0000000010003fb8       0x14 CMakeFiles/wifi_test.dir/opt/pico-sdk/src/rp2_common/pico_stdio_usb/stdio_usb.c.o
                0x0000000010003fb8                stdio_usb_set_chars_available_callback
 .text.usb_irq  0x0000000010003fcc       0x10 CMakeFiles/wifi_test.dir/opt/pico-sdk/src/rp2_common/pico_stdio_usb/stdio_usb.c.o
 .text.timer_task
                0x0000000010003fdc       0x64 CMakeFiles/wifi_test.dir/opt/pico-sdk/src/rp2_common/pico_stdio_usb/stdio_usb.c.o
 .text.stdio_usb_in_chars
                0x0000000010004040       0x90 CMakeFiles/wifi_test.dir/opt/pico-sdk/src/rp2_common/pico_stdio_usb/stdio_usb.c.o
                0x0000000010004040                stdio_usb_in_chars
 .text.stdio_usb_out_flush
                0x00000000100040d0       0x50 CMakeFiles/wifi_test.dir/opt/pico-sdk/src/rp2_common/pico_stdio_usb/stdio_usb.c.o
 .text.stdio_usb_out_chars
                0x0000000010004120      0x100 CMakeFiles/wifi_test.dir/opt/pico-sdk/src/rp2_common/pico_stdio_usb/stdio_usb.c.o
 .text.low_priority_worker_irq
                0x0000000010004220       0xc8 CMakeFiles/wifi_test.dir/opt/pico-sdk/src/rp2_common/pico_stdio_usb/stdio_usb.c.o
 .text.stdio_usb_init
                0x00000000100042e8       0xe8 CMakeFiles/wifi_test.dir/opt/pico-sdk/src/rp2_common/pico_stdio_usb/stdio_usb.c.o
                0x00000000100042e8                stdio_usb_init
 .text.tud_descriptor_device_cb
                0x00000000100043d0        0x8 CMakeFiles/wifi_test.dir/opt/pico-sdk/src/rp2_common/pico_stdio_usb/stdio_usb_descriptors.c.o
                0x00000000100043d0                tud_descriptor_device_cb
 .text.tud_descriptor_configuration_cb
                0x00000000100043d8        0x8 CMakeFiles/wifi_test.dir/opt/pico-sdk/src/rp2_common/pico_stdio_usb/stdio_usb_descriptors.c.o
                0x00000000100043d8                tud_descriptor_configuration_cb
 .text.tud_descriptor_string_cb
                0x00000000100043e0       0x74 CMakeFiles/wifi_test.dir/opt/pico-sdk/src/rp2_common/pico_stdio_usb/stdio_usb_descriptors.c.o
                0x00000000100043e0                tud_descriptor_string_cb
 .text.startup._retrieve_unique_id_on_boot
                0x0000000010004454       0x10 CMakeFiles/wifi_test.dir/opt/pico-sdk/src/rp2_common/pico_unique_id/unique_id.c.o
 .text.pico_get_unique_board_id
                0x0000000010004464       0x10 CMakeFiles/wifi_test.dir/opt/pico-sdk/src/rp2_common/pico_unique_id/unique_id.c.o
                0x0000000010004464                pico_get_unique_board_id
 .text.pico_get_unique_board_id_string
                0x0000000010004474      0x1a8 CMakeFiles/wifi_test.dir/opt/pico-sdk/src/rp2_common/pico_unique_id/unique_id.c.o
                0x0000000010004474                pico_get_unique_board_id_string
 .text.flash_get_unique_id
                0x000000001000461c       0x40 CMakeFiles/wifi_test.dir/opt/pico-sdk/src/rp2_common/hardware_flash/flash.c.o
                0x000000001000461c                flash_get_unique_id
 .text.dcd_init
                0x000000001000465c       0x90 CMakeFiles/wifi_test.dir/opt/pico-sdk/lib/tinyusb/src/portable/raspberrypi/rp2040/dcd_rp2040.c.o
                0x000000001000465c                dcd_init
 .text.dcd_int_enable
                0x00000000100046ec        0xc CMakeFiles/wifi_test.dir/opt/pico-sdk/lib/tinyusb/src/portable/raspberrypi/rp2040/dcd_rp2040.c.o
                0x00000000100046ec                dcd_int_enable
 .text.dcd_set_address
                0x00000000100046f8       0x14 CMakeFiles/wifi_test.dir/opt/pico-sdk/lib/tinyusb/src/portable/raspberrypi/rp2040/dcd_rp2040.c.o
                0x00000000100046f8                dcd_set_address
 .text.dcd_sof_enable
                0x000000001000470c       0x1c CMakeFiles/wifi_test.dir/opt/pico-sdk/lib/tinyusb/src/portable/raspberrypi/rp2040/dcd_rp2040.c.o
                0x000000001000470c                dcd_sof_enable
 .text.dcd_edpt0_status_complete
                0x0000000010004728       0x1c CMakeFiles/wifi_test.dir/opt/pico-sdk/lib/tinyusb/src/portable/raspberrypi/rp2040/dcd_rp2040.c.o
                0x0000000010004728                dcd_edpt0_status_complete
 .text.dcd_edpt_open
                0x0000000010004744      0x114 CMakeFiles/wifi_test.dir/opt/pico-sdk/lib/tinyusb/src/portable/raspberrypi/rp2040/dcd_rp2040.c.o
                0x0000000010004744                dcd_edpt_open
 .text.dcd_edpt_close_all
                0x0000000010004858        0x8 CMakeFiles/wifi_test.dir/opt/pico-sdk/lib/tinyusb/src/portable/raspberrypi/rp2040/dcd_rp2040.c.o
                0x0000000010004858                dcd_edpt_close_all
 .text.dcd_edpt_xfer
                0x0000000010004860       0x24 CMakeFiles/wifi_test.dir/opt/pico-sdk/lib/tinyusb/src/portable/raspberrypi/rp2040/dcd_rp2040.c.o
                0x0000000010004860                dcd_edpt_xfer
 .text.dcd_edpt_stall
                0x0000000010004884       0x38 CMakeFiles/wifi_test.dir/opt/pico-sdk/lib/tinyusb/src/portable/raspberrypi/rp2040/dcd_rp2040.c.o
                0x0000000010004884                dcd_edpt_stall
 .text.dcd_edpt_clear_stall
                0x00000000100048bc       0x30 CMakeFiles/wifi_test.dir/opt/pico-sdk/lib/tinyusb/src/portable/raspberrypi/rp2040/dcd_rp2040.c.o
                0x00000000100048bc                dcd_edpt_clear_stall
 .text.rp2040_usb_init
                0x00000000100048ec       0x40 CMakeFiles/wifi_test.dir/opt/pico-sdk/lib/tinyusb/src/portable/raspberrypi/rp2040/rp2040_usb.c.o
                0x00000000100048ec                rp2040_usb_init
 .text.hw_endpoint_xfer_start
                0x000000001000492c       0x50 CMakeFiles/wifi_test.dir/opt/pico-sdk/lib/tinyusb/src/portable/raspberrypi/rp2040/rp2040_usb.c.o
                0x000000001000492c                hw_endpoint_xfer_start
 .text.tud_event_hook_cb
                0x000000001000497c        0x4 CMakeFiles/wifi_test.dir/opt/pico-sdk/lib/tinyusb/src/device/usbd.c.o
                0x000000001000497c                tud_event_hook_cb
 .text.tud_sof_cb
                0x0000000010004980        0x4 CMakeFiles/wifi_test.dir/opt/pico-sdk/lib/tinyusb/src/device/usbd.c.o
                0x0000000010004980                tud_sof_cb
 .text.tud_descriptor_device_qualifier_cb
                0x0000000010004984        0x4 CMakeFiles/wifi_test.dir/opt/pico-sdk/lib/tinyusb/src/device/usbd.c.o
                0x0000000010004984                tud_descriptor_device_qualifier_cb
 .text.tud_descriptor_other_speed_configuration_cb
                0x0000000010004988        0x4 CMakeFiles/wifi_test.dir/opt/pico-sdk/lib/tinyusb/src/device/usbd.c.o
                0x0000000010004988                tud_descriptor_other_speed_configuration_cb
 .text.tud_mount_cb
                0x000000001000498c        0x4 CMakeFiles/wifi_test.dir/opt/pico-sdk/lib/tinyusb/src/device/usbd.c.o
                0x000000001000498c                tud_mount_cb
 .text.tud_umount_cb
                0x0000000010004990        0x4 CMakeFiles/wifi_test.dir/opt/pico-sdk/lib/tinyusb/src/device/usbd.c.o
                0x0000000010004990                tud_umount_cb
 .text.tud_suspend_cb
                0x0000000010004994        0x4 CMakeFiles/wifi_test.dir/opt/pico-sdk/lib/tinyusb/src/device/usbd.c.o
                0x0000000010004994                tud_suspend_cb
 .text.tud_resume_cb
                0x0000000010004998        0x4 CMakeFiles/wifi_test.dir/opt/pico-sdk/lib/tinyusb/src/device/usbd.c.o
                0x0000000010004998                tud_resume_cb
 .text.tud_mounted
                0x000000001000499c       0x10 CMakeFiles/wifi_test.dir/opt/pico-sdk/lib/tinyusb/src/device/usbd.c.o
                0x000000001000499c                tud_mounted
 .text.tud_suspended
                0x00000000100049ac       0x10 CMakeFiles/wifi_test.dir/opt/pico-sdk/lib/tinyusb/src/device/usbd.c.o
                0x00000000100049ac                tud_suspended
 .text.tud_rhport_init
                0x00000000100049bc       0xf4 CMakeFiles/wifi_test.dir/opt/pico-sdk/lib/tinyusb/src/device/usbd.c.o
                0x00000000100049bc                tud_rhport_init
 .text.tud_task_ext
                0x0000000010004ab0      0x800 CMakeFiles/wifi_test.dir/opt/pico-sdk/lib/tinyusb/src/device/usbd.c.o
                0x0000000010004ab0                tud_task_ext
 .text.usbd_open_edpt_pair
                0x00000000100052b0       0x9c CMakeFiles/wifi_test.dir/opt/pico-sdk/lib/tinyusb/src/device/usbd.c.o
                0x00000000100052b0                usbd_open_edpt_pair
 .text.usbd_edpt_open
                0x000000001000534c       0x34 CMakeFiles/wifi_test.dir/opt/pico-sdk/lib/tinyusb/src/device/usbd.c.o
                0x000000001000534c                usbd_edpt_open
 .text.usbd_edpt_claim
                0x0000000010005380       0x28 CMakeFiles/wifi_test.dir/opt/pico-sdk/lib/tinyusb/src/device/usbd.c.o
                0x0000000010005380                usbd_edpt_claim
 .text.usbd_edpt_release
                0x00000000100053a8       0x28 CMakeFiles/wifi_test.dir/opt/pico-sdk/lib/tinyusb/src/device/usbd.c.o
                0x00000000100053a8                usbd_edpt_release
 .text.usbd_edpt_xfer
                0x00000000100053d0       0x4c CMakeFiles/wifi_test.dir/opt/pico-sdk/lib/tinyusb/src/device/usbd.c.o
                0x00000000100053d0                usbd_edpt_xfer
 .text.tud_control_status
                0x000000001000541c       0x30 CMakeFiles/wifi_test.dir/opt/pico-sdk/lib/tinyusb/src/device/usbd_control.c.o
                0x000000001000541c                tud_control_status
 .text.tud_control_xfer
                0x000000001000544c       0xbc CMakeFiles/wifi_test.dir/opt/pico-sdk/lib/tinyusb/src/device/usbd_control.c.o
                0x000000001000544c                tud_control_xfer
 .text.usbd_control_reset
                0x0000000010005508       0x14 CMakeFiles/wifi_test.dir/opt/pico-sdk/lib/tinyusb/src/device/usbd_control.c.o
                0x0000000010005508                usbd_control_reset
 .text.usbd_control_set_complete_callback
                0x000000001000551c        0xc CMakeFiles/wifi_test.dir/opt/pico-sdk/lib/tinyusb/src/device/usbd_control.c.o
                0x000000001000551c                usbd_control_set_complete_callback
 .text.usbd_control_set_request
                0x0000000010005528       0x1c CMakeFiles/wifi_test.dir/opt/pico-sdk/lib/tinyusb/src/device/usbd_control.c.o
                0x0000000010005528                usbd_control_set_request
 .text.usbd_control_xfer_cb
                0x0000000010005544       0xf0 CMakeFiles/wifi_test.dir/opt/pico-sdk/lib/tinyusb/src/device/usbd_control.c.o
                0x0000000010005544                usbd_control_xfer_cb
 .text._prep_out_transaction.isra.0
                0x0000000010005634       0x6c CMakeFiles/wifi_test.dir/opt/pico-sdk/lib/tinyusb/src/class/cdc/cdc_device.c.o
 .text.tud_cdc_n_connected
                0x00000000100056a0       0x2c CMakeFiles/wifi_test.dir/opt/pico-sdk/lib/tinyusb/src/class/cdc/cdc_device.c.o
                0x00000000100056a0                tud_cdc_n_connected
 .text.tud_cdc_n_available
                0x00000000100056cc       0x18 CMakeFiles/wifi_test.dir/opt/pico-sdk/lib/tinyusb/src/class/cdc/cdc_device.c.o
                0x00000000100056cc                tud_cdc_n_available
 .text.tud_cdc_n_read
                0x00000000100056e4       0x94 CMakeFiles/wifi_test.dir/opt/pico-sdk/lib/tinyusb/src/class/cdc/cdc_device.c.o
                0x00000000100056e4                tud_cdc_n_read
 .text.tud_cdc_n_write_flush
                0x0000000010005778       0x78 CMakeFiles/wifi_test.dir/opt/pico-sdk/lib/tinyusb/src/class/cdc/cdc_device.c.o
                0x0000000010005778                tud_cdc_n_write_flush
 .text.tud_cdc_n_write
                0x00000000100057f0       0x44 CMakeFiles/wifi_test.dir/opt/pico-sdk/lib/tinyusb/src/class/cdc/cdc_device.c.o
                0x00000000100057f0                tud_cdc_n_write
 .text.tud_cdc_n_write_available
                0x0000000010005834       0x18 CMakeFiles/wifi_test.dir/opt/pico-sdk/lib/tinyusb/src/class/cdc/cdc_device.c.o
                0x0000000010005834                tud_cdc_n_write_available
 .text.cdcd_init
                0x000000001000584c       0x70 CMakeFiles/wifi_test.dir/opt/pico-sdk/lib/tinyusb/src/class/cdc/cdc_device.c.o
                0x000000001000584c                cdcd_init
 .text.cdcd_deinit
                0x00000000100058bc       0x24 CMakeFiles/wifi_test.dir/opt/pico-sdk/lib/tinyusb/src/class/cdc/cdc_device.c.o
                0x00000000100058bc                cdcd_deinit
 .text.cdcd_reset
                0x00000000100058e0       0x4c CMakeFiles/wifi_test.dir/opt/pico-sdk/lib/tinyusb/src/class/cdc/cdc_device.c.o
                0x00000000100058e0                cdcd_reset
 .text.cdcd_open
                0x000000001000592c       0xa8 CMakeFiles/wifi_test.dir/opt/pico-sdk/lib/tinyusb/src/class/cdc/cdc_device.c.o
                0x000000001000592c                cdcd_open
 .text.cdcd_control_xfer_cb
                0x00000000100059d4       0xe8 CMakeFiles/wifi_test.dir/opt/pico-sdk/lib/tinyusb/src/class/cdc/cdc_device.c.o
                0x00000000100059d4                cdcd_control_xfer_cb
 .text.cdcd_xfer_cb
                0x0000000010005abc       0xfc CMakeFiles/wifi_test.dir/opt/pico-sdk/lib/tinyusb/src/class/cdc/cdc_device.c.o
                0x0000000010005abc                cdcd_xfer_cb
 .text.vendord_init
                0x0000000010005bb8       0x5c CMakeFiles/wifi_test.dir/opt/pico-sdk/lib/tinyusb/src/class/vendor/vendor_device.c.o
                0x0000000010005bb8                vendord_init
 .text.vendord_deinit
                0x0000000010005c14       0x1c CMakeFiles/wifi_test.dir/opt/pico-sdk/lib/tinyusb/src/class/vendor/vendor_device.c.o
                0x0000000010005c14                vendord_deinit
 .text.vendord_reset
                0x0000000010005c30       0x28 CMakeFiles/wifi_test.dir/opt/pico-sdk/lib/tinyusb/src/class/vendor/vendor_device.c.o
                0x0000000010005c30                vendord_reset
 .text.vendord_open
                0x0000000010005c58      0x128 CMakeFiles/wifi_test.dir/opt/pico-sdk/lib/tinyusb/src/class/vendor/vendor_device.c.o
                0x0000000010005c58                vendord_open
 .text.vendord_xfer_cb
                0x0000000010005d80       0x9c CMakeFiles/wifi_test.dir/opt/pico-sdk/lib/tinyusb/src/class/vendor/vendor_device.c.o
                0x0000000010005d80                vendord_xfer_cb
 .text.tusb_rhport_init
                0x0000000010005e1c       0x48 CMakeFiles/wifi_test.dir/opt/pico-sdk/lib/tinyusb/src/tusb.c.o
                0x0000000010005e1c                tusb_rhport_init
 .text.tu_edpt_claim
                0x0000000010005e64       0x50 CMakeFiles/wifi_test.dir/opt/pico-sdk/lib/tinyusb/src/tusb.c.o
                0x0000000010005e64                tu_edpt_claim
 .text.tu_edpt_release
                0x0000000010005eb4       0x38 CMakeFiles/wifi_test.dir/opt/pico-sdk/lib/tinyusb/src/tusb.c.o
                0x0000000010005eb4                tu_edpt_release
 .text.tu_edpt_validate
                0x0000000010005eec       0x78 CMakeFiles/wifi_test.dir/opt/pico-sdk/lib/tinyusb/src/tusb.c.o
                0x0000000010005eec                tu_edpt_validate
 .text.tu_edpt_bind_driver
                0x0000000010005f64       0x34 CMakeFiles/wifi_test.dir/opt/pico-sdk/lib/tinyusb/src/tusb.c.o
                0x0000000010005f64                tu_edpt_bind_driver
 .text.tu_edpt_stream_init
                0x0000000010005f98       0x6c CMakeFiles/wifi_test.dir/opt/pico-sdk/lib/tinyusb/src/tusb.c.o
                0x0000000010005f98                tu_edpt_stream_init
 .text.tu_edpt_stream_deinit
                0x0000000010006004        0x4 CMakeFiles/wifi_test.dir/opt/pico-sdk/lib/tinyusb/src/tusb.c.o
                0x0000000010006004                tu_edpt_stream_deinit
 .text.tu_edpt_stream_write_zlp_if_needed
                0x0000000010006008       0x58 CMakeFiles/wifi_test.dir/opt/pico-sdk/lib/tinyusb/src/tusb.c.o
                0x0000000010006008                tu_edpt_stream_write_zlp_if_needed
 .text.tu_edpt_stream_write_xfer
                0x0000000010006060       0x64 CMakeFiles/wifi_test.dir/opt/pico-sdk/lib/tinyusb/src/tusb.c.o
                0x0000000010006060                tu_edpt_stream_write_xfer
 .text.tu_edpt_stream_read_xfer
                0x00000000100060c4       0xdc CMakeFiles/wifi_test.dir/opt/pico-sdk/lib/tinyusb/src/tusb.c.o
                0x00000000100060c4                tu_edpt_stream_read_xfer
 .text.tu_fifo_config
                0x00000000100061a0       0x70 CMakeFiles/wifi_test.dir/opt/pico-sdk/lib/tinyusb/src/common/tusb_fifo.c.o
                0x00000000100061a0                tu_fifo_config
 .text.tu_fifo_count
                0x0000000010006210       0x2c CMakeFiles/wifi_test.dir/opt/pico-sdk/lib/tinyusb/src/common/tusb_fifo.c.o
                0x0000000010006210                tu_fifo_count
 .text.tu_fifo_empty
                0x000000001000623c       0x10 CMakeFiles/wifi_test.dir/opt/pico-sdk/lib/tinyusb/src/common/tusb_fifo.c.o
                0x000000001000623c                tu_fifo_empty
 .text.tu_fifo_remaining
                0x000000001000624c       0x2c CMakeFiles/wifi_test.dir/opt/pico-sdk/lib/tinyusb/src/common/tusb_fifo.c.o
                0x000000001000624c                tu_fifo_remaining
 .text.tu_fifo_read
                0x0000000010006278       0xa0 CMakeFiles/wifi_test.dir/opt/pico-sdk/lib/tinyusb/src/common/tusb_fifo.c.o
                0x0000000010006278                tu_fifo_read
 .text.tu_fifo_read_n
                0x0000000010006318       0xec CMakeFiles/wifi_test.dir/opt/pico-sdk/lib/tinyusb/src/common/tusb_fifo.c.o
                0x0000000010006318                tu_fifo_read_n
 .text.tu_fifo_write
                0x0000000010006404       0x88 CMakeFiles/wifi_test.dir/opt/pico-sdk/lib/tinyusb/src/common/tusb_fifo.c.o
                0x0000000010006404                tu_fifo_write
 .text.tu_fifo_write_n
                0x000000001000648c      0x168 CMakeFiles/wifi_test.dir/opt/pico-sdk/lib/tinyusb/src/common/tusb_fifo.c.o
                0x000000001000648c                tu_fifo_write_n
 .text.tu_fifo_clear
                0x00000000100065f4       0x40 CMakeFiles/wifi_test.dir/opt/pico-sdk/lib/tinyusb/src/common/tusb_fifo.c.o
                0x00000000100065f4                tu_fifo_clear
 .text.tu_fifo_set_overwritable
                0x0000000010006634       0x48 CMakeFiles/wifi_test.dir/opt/pico-sdk/lib/tinyusb/src/common/tusb_fifo.c.o
                0x0000000010006634                tu_fifo_set_overwritable
 .text.lwip_timeout_reached
                0x000000001000667c        0x8 CMakeFiles/wifi_test.dir/opt/pico-sdk/src/rp2_common/pico_lwip/lwip_nosys.c.o
 .text.update_next_timeout
                0x0000000010006684       0x6c CMakeFiles/wifi_test.dir/opt/pico-sdk/src/rp2_common/pico_lwip/lwip_nosys.c.o
 .text.lwip_nosys_init
                0x00000000100066f0       0x30 CMakeFiles/wifi_test.dir/opt/pico-sdk/src/rp2_common/pico_lwip/lwip_nosys.c.o
                0x00000000100066f0                lwip_nosys_init
 .text.lwip_nosys_deinit
                0x0000000010006720       0x20 CMakeFiles/wifi_test.dir/opt/pico-sdk/src/rp2_common/pico_lwip/lwip_nosys.c.o
                0x0000000010006720                lwip_nosys_deinit
 .text.sys_arch_protect
                0x0000000010006740        0x4 CMakeFiles/wifi_test.dir/opt/pico-sdk/src/rp2_common/pico_lwip/lwip_nosys.c.o
                0x0000000010006740                sys_arch_protect
 .text.sys_arch_unprotect
                0x0000000010006744        0x4 CMakeFiles/wifi_test.dir/opt/pico-sdk/src/rp2_common/pico_lwip/lwip_nosys.c.o
                0x0000000010006744                sys_arch_unprotect
 .text.sys_now  0x0000000010006748       0x20 CMakeFiles/wifi_test.dir/opt/pico-sdk/src/rp2_common/pico_lwip/lwip_nosys.c.o
                0x0000000010006748                sys_now
 .text.async_context_base_add_at_time_worker
                0x0000000010006768       0x28 CMakeFiles/wifi_test.dir/opt/pico-sdk/src/rp2_common/pico_async_context/async_context_base.c.o
                0x0000000010006768                async_context_base_add_at_time_worker
 .text.async_context_base_remove_at_time_worker
                0x0000000010006790       0x28 CMakeFiles/wifi_test.dir/opt/pico-sdk/src/rp2_common/pico_async_context/async_context_base.c.o
                0x0000000010006790                async_context_base_remove_at_time_worker
 .text.async_context_base_add_when_pending_worker
                0x00000000100067b8       0x24 CMakeFiles/wifi_test.dir/opt/pico-sdk/src/rp2_common/pico_async_context/async_context_base.c.o
                0x00000000100067b8                async_context_base_add_when_pending_worker
 .text.async_context_base_remove_when_pending_worker
                0x00000000100067dc       0x28 CMakeFiles/wifi_test.dir/opt/pico-sdk/src/rp2_common/pico_async_context/async_context_base.c.o
                0x00000000100067dc                async_context_base_remove_when_pending_worker
 .text.async_context_base_execute_once
                0x0000000010006804       0xe8 CMakeFiles/wifi_test.dir/opt/pico-sdk/src/rp2_common/pico_async_context/async_context_base.c.o
                0x0000000010006804                async_context_base_execute_once
 .text.splitmix64
                0x00000000100068ec       0x5c CMakeFiles/wifi_test.dir/opt/pico-sdk/src/rp2_common/pico_rand/rand.c.o
 .text.xoroshiro128ss
                0x0000000010006948       0x90 CMakeFiles/wifi_test.dir/opt/pico-sdk/src/rp2_common/pico_rand/rand.c.o
 .text.get_rand_64
                0x00000000100069d8      0x484 CMakeFiles/wifi_test.dir/opt/pico-sdk/src/rp2_common/pico_rand/rand.c.o
                0x00000000100069d8                get_rand_64
 .text.get_rand_32
                0x0000000010006e5c        0x8 CMakeFiles/wifi_test.dir/opt/pico-sdk/src/rp2_common/pico_rand/rand.c.o
                0x0000000010006e5c                get_rand_32
 .text.lwip_init
                0x0000000010006e64       0x24 CMakeFiles/wifi_test.dir/opt/pico-sdk/lib/lwip/src/core/init.c.o
                0x0000000010006e64                lwip_init
 .text.lwip_htons
                0x0000000010006e88        0x8 CMakeFiles/wifi_test.dir/opt/pico-sdk/lib/lwip/src/core/def.c.o
                0x0000000010006e88                lwip_htons
 .text.lwip_htonl
                0x0000000010006e90        0x4 CMakeFiles/wifi_test.dir/opt/pico-sdk/lib/lwip/src/core/def.c.o
                0x0000000010006e90                lwip_htonl
 .text.dns_call_found
                0x0000000010006e94      0x134 CMakeFiles/wifi_test.dir/opt/pico-sdk/lib/lwip/src/core/dns.c.o
 .text.dns_send.isra.0
                0x0000000010006fc8      0x168 CMakeFiles/wifi_test.dir/opt/pico-sdk/lib/lwip/src/core/dns.c.o
 .text.dns_init
                0x0000000010007130        0x4 CMakeFiles/wifi_test.dir/opt/pico-sdk/lib/lwip/src/core/dns.c.o
                0x0000000010007130                dns_init
 .text.dns_setserver
                0x0000000010007134       0x2c CMakeFiles/wifi_test.dir/opt/pico-sdk/lib/lwip/src/core/dns.c.o
                0x0000000010007134                dns_setserver
 .text.dns_tmr  0x0000000010007160      0x138 CMakeFiles/wifi_test.dir/opt/pico-sdk/lib/lwip/src/core/dns.c.o
                0x0000000010007160                dns_tmr
 .text.lwip_standard_chksum
                0x0000000010007298       0xd8 CMakeFiles/wifi_test.dir/opt/pico-sdk/lib/lwip/src/core/inet_chksum.c.o
                0x0000000010007298                lwip_standard_chksum
 .text.inet_chksum_pseudo
                0x0000000010007370       0xb4 CMakeFiles/wifi_test.dir/opt/pico-sdk/lib/lwip/src/core/inet_chksum.c.o
                0x0000000010007370                inet_chksum_pseudo
 .text.ip_chksum_pseudo
                0x0000000010007424       0x10 CMakeFiles/wifi_test.dir/opt/pico-sdk/lib/lwip/src/core/inet_chksum.c.o
                0x0000000010007424                ip_chksum_pseudo
 .text.inet_chksum
                0x0000000010007434        0xc CMakeFiles/wifi_test.dir/opt/pico-sdk/lib/lwip/src/core/inet_chksum.c.o
                0x0000000010007434                inet_chksum
 .text.inet_chksum_pbuf
                0x0000000010007440       0x6c CMakeFiles/wifi_test.dir/opt/pico-sdk/lib/lwip/src/core/inet_chksum.c.o
                0x0000000010007440                inet_chksum_pbuf
 .text.mem_init
                0x00000000100074ac       0x40 CMakeFiles/wifi_test.dir/opt/pico-sdk/lib/lwip/src/core/mem.c.o
                0x00000000100074ac                mem_init
 .text.mem_free
                0x00000000100074ec      0x11c CMakeFiles/wifi_test.dir/opt/pico-sdk/lib/lwip/src/core/mem.c.o
                0x00000000100074ec                mem_free
 .text.mem_trim
                0x0000000010007608      0x110 CMakeFiles/wifi_test.dir/opt/pico-sdk/lib/lwip/src/core/mem.c.o
                0x0000000010007608                mem_trim
 .text.mem_malloc
                0x0000000010007718      0x120 CMakeFiles/wifi_test.dir/opt/pico-sdk/lib/lwip/src/core/mem.c.o
                0x0000000010007718                mem_malloc
 .text.memp_init
                0x0000000010007838       0x6c CMakeFiles/wifi_test.dir/opt/pico-sdk/lib/lwip/src/core/memp.c.o
                0x0000000010007838                memp_init
 .text.memp_malloc
                0x00000000100078a4       0x3c CMakeFiles/wifi_test.dir/opt/pico-sdk/lib/lwip/src/core/memp.c.o
                0x00000000100078a4                memp_malloc
 .text.memp_free
                0x00000000100078e0       0x38 CMakeFiles/wifi_test.dir/opt/pico-sdk/lib/lwip/src/core/memp.c.o
                0x00000000100078e0                memp_free
 .text.netif_null_output_ip4
                0x0000000010007918        0x8 CMakeFiles/wifi_test.dir/opt/pico-sdk/lib/lwip/src/core/netif.c.o
 .text.netif_do_set_ipaddr.isra.0
                0x0000000010007920       0x70 CMakeFiles/wifi_test.dir/opt/pico-sdk/lib/lwip/src/core/netif.c.o
 .text.netif_init
                0x0000000010007990        0x4 CMakeFiles/wifi_test.dir/opt/pico-sdk/lib/lwip/src/core/netif.c.o
                0x0000000010007990                netif_init
 .text.netif_add
                0x0000000010007994      0x144 CMakeFiles/wifi_test.dir/opt/pico-sdk/lib/lwip/src/core/netif.c.o
                0x0000000010007994                netif_add
 .text.netif_set_addr
                0x0000000010007ad8       0xb8 CMakeFiles/wifi_test.dir/opt/pico-sdk/lib/lwip/src/core/netif.c.o
                0x0000000010007ad8                netif_set_addr
 .text.netif_remove
                0x0000000010007b90       0x94 CMakeFiles/wifi_test.dir/opt/pico-sdk/lib/lwip/src/core/netif.c.o
                0x0000000010007b90                netif_remove
 .text.netif_set_default
                0x0000000010007c24        0xc CMakeFiles/wifi_test.dir/opt/pico-sdk/lib/lwip/src/core/netif.c.o
                0x0000000010007c24                netif_set_default
 .text.netif_set_up
                0x0000000010007c30       0x40 CMakeFiles/wifi_test.dir/opt/pico-sdk/lib/lwip/src/core/netif.c.o
                0x0000000010007c30                netif_set_up
 .text.netif_set_link_up
                0x0000000010007c70       0x44 CMakeFiles/wifi_test.dir/opt/pico-sdk/lib/lwip/src/core/netif.c.o
                0x0000000010007c70                netif_set_link_up
 .text.netif_set_link_down
                0x0000000010007cb4       0x20 CMakeFiles/wifi_test.dir/opt/pico-sdk/lib/lwip/src/core/netif.c.o
                0x0000000010007cb4                netif_set_link_down
 .text.netif_get_by_index
                0x0000000010007cd4       0x2c CMakeFiles/wifi_test.dir/opt/pico-sdk/lib/lwip/src/core/netif.c.o
                0x0000000010007cd4                netif_get_by_index
 .text.pbuf_free.part.0
                0x0000000010007d00       0x7c CMakeFiles/wifi_test.dir/opt/pico-sdk/lib/lwip/src/core/pbuf.c.o
 .text.pbuf_free_ooseq
                0x0000000010007d7c       0x34 CMakeFiles/wifi_test.dir/opt/pico-sdk/lib/lwip/src/core/pbuf.c.o
                0x0000000010007d7c                pbuf_free_ooseq
 .text.pbuf_alloc
                0x0000000010007db0      0x130 CMakeFiles/wifi_test.dir/opt/pico-sdk/lib/lwip/src/core/pbuf.c.o
                0x0000000010007db0                pbuf_alloc
 .text.pbuf_realloc
                0x0000000010007ee0       0x88 CMakeFiles/wifi_test.dir/opt/pico-sdk/lib/lwip/src/core/pbuf.c.o
                0x0000000010007ee0                pbuf_realloc
 .text.pbuf_add_header
                0x0000000010007f68       0x54 CMakeFiles/wifi_test.dir/opt/pico-sdk/lib/lwip/src/core/pbuf.c.o
                0x0000000010007f68                pbuf_add_header
 .text.pbuf_remove_header
                0x0000000010007fbc       0x44 CMakeFiles/wifi_test.dir/opt/pico-sdk/lib/lwip/src/core/pbuf.c.o
                0x0000000010007fbc                pbuf_remove_header
 .text.pbuf_header_force
                0x0000000010008000       0x74 CMakeFiles/wifi_test.dir/opt/pico-sdk/lib/lwip/src/core/pbuf.c.o
                0x0000000010008000                pbuf_header_force
 .text.pbuf_free
                0x0000000010008074       0x18 CMakeFiles/wifi_test.dir/opt/pico-sdk/lib/lwip/src/core/pbuf.c.o
                0x0000000010008074                pbuf_free
 .text.pbuf_clen
                0x000000001000808c       0x14 CMakeFiles/wifi_test.dir/opt/pico-sdk/lib/lwip/src/core/pbuf.c.o
                0x000000001000808c                pbuf_clen
 .text.pbuf_ref
                0x00000000100080a0       0x28 CMakeFiles/wifi_test.dir/opt/pico-sdk/lib/lwip/src/core/pbuf.c.o
                0x00000000100080a0                pbuf_ref
 .text.pbuf_cat
                0x00000000100080c8       0x4c CMakeFiles/wifi_test.dir/opt/pico-sdk/lib/lwip/src/core/pbuf.c.o
                0x00000000100080c8                pbuf_cat
 .text.pbuf_chain
                0x0000000010008114       0x70 CMakeFiles/wifi_test.dir/opt/pico-sdk/lib/lwip/src/core/pbuf.c.o
                0x0000000010008114                pbuf_chain
 .text.pbuf_copy_partial_pbuf
                0x0000000010008184      0x13c CMakeFiles/wifi_test.dir/opt/pico-sdk/lib/lwip/src/core/pbuf.c.o
                0x0000000010008184                pbuf_copy_partial_pbuf
 .text.pbuf_copy
                0x00000000100082c0       0x18 CMakeFiles/wifi_test.dir/opt/pico-sdk/lib/lwip/src/core/pbuf.c.o
                0x00000000100082c0                pbuf_copy
 .text.pbuf_copy_partial
                0x00000000100082d8       0x70 CMakeFiles/wifi_test.dir/opt/pico-sdk/lib/lwip/src/core/pbuf.c.o
                0x00000000100082d8                pbuf_copy_partial
 .text.pbuf_take
                0x0000000010008348       0x78 CMakeFiles/wifi_test.dir/opt/pico-sdk/lib/lwip/src/core/pbuf.c.o
                0x0000000010008348                pbuf_take
 .text.pbuf_take_at
                0x00000000100083c0       0xc0 CMakeFiles/wifi_test.dir/opt/pico-sdk/lib/lwip/src/core/pbuf.c.o
                0x00000000100083c0                pbuf_take_at
 .text.pbuf_clone
                0x0000000010008480       0x30 CMakeFiles/wifi_test.dir/opt/pico-sdk/lib/lwip/src/core/pbuf.c.o
                0x0000000010008480                pbuf_clone
 .text.pbuf_put_at
                0x00000000100084b0       0x1c CMakeFiles/wifi_test.dir/opt/pico-sdk/lib/lwip/src/core/pbuf.c.o
                0x00000000100084b0                pbuf_put_at
 .text.raw_input
                0x00000000100084cc       0xf0 CMakeFiles/wifi_test.dir/opt/pico-sdk/lib/lwip/src/core/raw.c.o
                0x00000000100084cc                raw_input
 .text.raw_netif_ip_addr_changed
                0x00000000100085bc       0x40 CMakeFiles/wifi_test.dir/opt/pico-sdk/lib/lwip/src/core/raw.c.o
                0x00000000100085bc                raw_netif_ip_addr_changed
 .text.stats_init
                0x00000000100085fc        0x4 CMakeFiles/wifi_test.dir/opt/pico-sdk/lib/lwip/src/core/stats.c.o
                0x00000000100085fc                stats_init
 .text.tcp_close_shutdown_fin
                0x0000000010008600       0x58 CMakeFiles/wifi_test.dir/opt/pico-sdk/lib/lwip/src/core/tcp.c.o
 .text.tcp_pcb_purge.part.0
                0x0000000010008658       0xc4 CMakeFiles/wifi_test.dir/opt/pico-sdk/lib/lwip/src/core/tcp.c.o
 .text.tcp_init
                0x000000001000871c       0x20 CMakeFiles/wifi_test.dir/opt/pico-sdk/lib/lwip/src/core/tcp.c.o
                0x000000001000871c                tcp_init
 .text.tcp_free
                0x000000001000873c       0x1c CMakeFiles/wifi_test.dir/opt/pico-sdk/lib/lwip/src/core/tcp.c.o
                0x000000001000873c                tcp_free
 .text.tcp_update_rcv_ann_wnd
                0x0000000010008758       0x5c CMakeFiles/wifi_test.dir/opt/pico-sdk/lib/lwip/src/core/tcp.c.o
                0x0000000010008758                tcp_update_rcv_ann_wnd
 .text.tcp_recved
                0x00000000100087b4       0x90 CMakeFiles/wifi_test.dir/opt/pico-sdk/lib/lwip/src/core/tcp.c.o
                0x00000000100087b4                tcp_recved
 .text.tcp_slowtmr
                0x0000000010008844      0x4dc CMakeFiles/wifi_test.dir/opt/pico-sdk/lib/lwip/src/core/tcp.c.o
                0x0000000010008844                tcp_slowtmr
 .text.tcp_segs_free
                0x0000000010008d20       0x38 CMakeFiles/wifi_test.dir/opt/pico-sdk/lib/lwip/src/core/tcp.c.o
                0x0000000010008d20                tcp_segs_free
 .text.tcp_seg_free
                0x0000000010008d58       0x1c CMakeFiles/wifi_test.dir/opt/pico-sdk/lib/lwip/src/core/tcp.c.o
                0x0000000010008d58                tcp_seg_free
 .text.tcp_seg_copy
                0x0000000010008d74       0x2c CMakeFiles/wifi_test.dir/opt/pico-sdk/lib/lwip/src/core/tcp.c.o
                0x0000000010008d74                tcp_seg_copy
 .text.tcp_pcb_purge
                0x0000000010008da0       0x18 CMakeFiles/wifi_test.dir/opt/pico-sdk/lib/lwip/src/core/tcp.c.o
                0x0000000010008da0                tcp_pcb_purge
 .text.tcp_pcb_remove
                0x0000000010008db8       0xc8 CMakeFiles/wifi_test.dir/opt/pico-sdk/lib/lwip/src/core/tcp.c.o
                0x0000000010008db8                tcp_pcb_remove
 .text.tcp_abandon
                0x0000000010008e80      0x1ac CMakeFiles/wifi_test.dir/opt/pico-sdk/lib/lwip/src/core/tcp.c.o
                0x0000000010008e80                tcp_abandon
 .text.tcp_abort
                0x000000001000902c        0xc CMakeFiles/wifi_test.dir/opt/pico-sdk/lib/lwip/src/core/tcp.c.o
                0x000000001000902c                tcp_abort
 .text.tcp_alloc
                0x0000000010009038      0x1cc CMakeFiles/wifi_test.dir/opt/pico-sdk/lib/lwip/src/core/tcp.c.o
                0x0000000010009038                tcp_alloc
 .text.tcp_close_shutdown
                0x0000000010009204      0x188 CMakeFiles/wifi_test.dir/opt/pico-sdk/lib/lwip/src/core/tcp.c.o
 .text.tcp_recv_null
                0x000000001000938c       0xcc CMakeFiles/wifi_test.dir/opt/pico-sdk/lib/lwip/src/core/tcp.c.o
                0x000000001000938c                tcp_recv_null
 .text.tcp_process_refused_data
                0x0000000010009458       0x74 CMakeFiles/wifi_test.dir/opt/pico-sdk/lib/lwip/src/core/tcp.c.o
                0x0000000010009458                tcp_process_refused_data
 .text.tcp_fasttmr
                0x00000000100094cc       0x98 CMakeFiles/wifi_test.dir/opt/pico-sdk/lib/lwip/src/core/tcp.c.o
                0x00000000100094cc                tcp_fasttmr
 .text.tcp_tmr  0x0000000010009564       0x20 CMakeFiles/wifi_test.dir/opt/pico-sdk/lib/lwip/src/core/tcp.c.o
                0x0000000010009564                tcp_tmr
 .text.tcp_next_iss
                0x0000000010009584       0x28 CMakeFiles/wifi_test.dir/opt/pico-sdk/lib/lwip/src/core/tcp.c.o
                0x0000000010009584                tcp_next_iss
 .text.tcp_eff_send_mss_netif
                0x00000000100095ac       0x38 CMakeFiles/wifi_test.dir/opt/pico-sdk/lib/lwip/src/core/tcp.c.o
                0x00000000100095ac                tcp_eff_send_mss_netif
 .text.tcp_netif_ip_addr_changed
                0x00000000100095e4       0x9c CMakeFiles/wifi_test.dir/opt/pico-sdk/lib/lwip/src/core/tcp.c.o
                0x00000000100095e4                tcp_netif_ip_addr_changed
 .text.tcp_free_ooseq
                0x0000000010009680       0x40 CMakeFiles/wifi_test.dir/opt/pico-sdk/lib/lwip/src/core/tcp.c.o
                0x0000000010009680                tcp_free_ooseq
 .text.tcp_parseopt
                0x00000000100096c0      0x190 CMakeFiles/wifi_test.dir/opt/pico-sdk/lib/lwip/src/core/tcp_in.c.o
 .text.tcp_oos_insert_segment
                0x0000000010009850       0xe0 CMakeFiles/wifi_test.dir/opt/pico-sdk/lib/lwip/src/core/tcp_in.c.o
 .text.tcp_free_acked_segments.constprop.0
                0x0000000010009930       0xdc CMakeFiles/wifi_test.dir/opt/pico-sdk/lib/lwip/src/core/tcp_in.c.o
 .text.tcp_receive
                0x0000000010009a0c      0xa58 CMakeFiles/wifi_test.dir/opt/pico-sdk/lib/lwip/src/core/tcp_in.c.o
 .text.tcp_input
                0x000000001000a464      0xda0 CMakeFiles/wifi_test.dir/opt/pico-sdk/lib/lwip/src/core/tcp_in.c.o
                0x000000001000a464                tcp_input
 .text.tcp_trigger_input_pcb_close
                0x000000001000b204       0x10 CMakeFiles/wifi_test.dir/opt/pico-sdk/lib/lwip/src/core/tcp_in.c.o
                0x000000001000b204                tcp_trigger_input_pcb_close
 .text.tcp_create_segment
                0x000000001000b214       0xf8 CMakeFiles/wifi_test.dir/opt/pico-sdk/lib/lwip/src/core/tcp_out.c.o
 .text.tcp_output_control_segment
                0x000000001000b30c       0xc0 CMakeFiles/wifi_test.dir/opt/pico-sdk/lib/lwip/src/core/tcp_out.c.o
 .text.tcp_output_alloc_header.constprop.0
                0x000000001000b3cc       0xcc CMakeFiles/wifi_test.dir/opt/pico-sdk/lib/lwip/src/core/tcp_out.c.o
 .text.tcp_split_unsent_seg
                0x000000001000b498      0x1c4 CMakeFiles/wifi_test.dir/opt/pico-sdk/lib/lwip/src/core/tcp_out.c.o
                0x000000001000b498                tcp_split_unsent_seg
 .text.tcp_send_fin
                0x000000001000b65c      0x12c CMakeFiles/wifi_test.dir/opt/pico-sdk/lib/lwip/src/core/tcp_out.c.o
                0x000000001000b65c                tcp_send_fin
 .text.tcp_enqueue_flags
                0x000000001000b788      0x124 CMakeFiles/wifi_test.dir/opt/pico-sdk/lib/lwip/src/core/tcp_out.c.o
                0x000000001000b788                tcp_enqueue_flags
 .text.tcp_rexmit_rto_prepare
                0x000000001000b8ac       0x9c CMakeFiles/wifi_test.dir/opt/pico-sdk/lib/lwip/src/core/tcp_out.c.o
                0x000000001000b8ac                tcp_rexmit_rto_prepare
 .text.tcp_rexmit
                0x000000001000b948       0x9c CMakeFiles/wifi_test.dir/opt/pico-sdk/lib/lwip/src/core/tcp_out.c.o
                0x000000001000b948                tcp_rexmit
 .text.tcp_rexmit_fast
                0x000000001000b9e4       0x64 CMakeFiles/wifi_test.dir/opt/pico-sdk/lib/lwip/src/core/tcp_out.c.o
                0x000000001000b9e4                tcp_rexmit_fast
 .text.tcp_rst  0x000000001000ba48       0xe4 CMakeFiles/wifi_test.dir/opt/pico-sdk/lib/lwip/src/core/tcp_out.c.o
                0x000000001000ba48                tcp_rst
 .text.tcp_rst_netif
                0x000000001000bb2c      0x12c CMakeFiles/wifi_test.dir/opt/pico-sdk/lib/lwip/src/core/tcp_out.c.o
                0x000000001000bb2c                tcp_rst_netif
 .text.tcp_send_empty_ack
                0x000000001000bc58       0x54 CMakeFiles/wifi_test.dir/opt/pico-sdk/lib/lwip/src/core/tcp_out.c.o
                0x000000001000bc58                tcp_send_empty_ack
 .text.tcp_output
                0x000000001000bcac      0x46c CMakeFiles/wifi_test.dir/opt/pico-sdk/lib/lwip/src/core/tcp_out.c.o
                0x000000001000bcac                tcp_output
 .text.tcp_rexmit_rto_commit
                0x000000001000c118       0x24 CMakeFiles/wifi_test.dir/opt/pico-sdk/lib/lwip/src/core/tcp_out.c.o
                0x000000001000c118                tcp_rexmit_rto_commit
 .text.tcp_rexmit_rto
                0x000000001000c13c       0xa4 CMakeFiles/wifi_test.dir/opt/pico-sdk/lib/lwip/src/core/tcp_out.c.o
                0x000000001000c13c                tcp_rexmit_rto
 .text.tcp_keepalive
                0x000000001000c1e0       0xe0 CMakeFiles/wifi_test.dir/opt/pico-sdk/lib/lwip/src/core/tcp_out.c.o
                0x000000001000c1e0                tcp_keepalive
 .text.tcp_zero_window_probe
                0x000000001000c2c0      0x108 CMakeFiles/wifi_test.dir/opt/pico-sdk/lib/lwip/src/core/tcp_out.c.o
                0x000000001000c2c0                tcp_zero_window_probe
 .text.sys_timeout_abs
                0x000000001000c3c8       0x48 CMakeFiles/wifi_test.dir/opt/pico-sdk/lib/lwip/src/core/timeouts.c.o
 .text.lwip_cyclic_timer
                0x000000001000c410       0x38 CMakeFiles/wifi_test.dir/opt/pico-sdk/lib/lwip/src/core/timeouts.c.o
 .text.tcpip_tcp_timer
                0x000000001000c448       0x3c CMakeFiles/wifi_test.dir/opt/pico-sdk/lib/lwip/src/core/timeouts.c.o
 .text.tcp_timer_needed
                0x000000001000c484       0x40 CMakeFiles/wifi_test.dir/opt/pico-sdk/lib/lwip/src/core/timeouts.c.o
                0x000000001000c484                tcp_timer_needed
 .text.sys_timeouts_init
                0x000000001000c4c4       0x90 CMakeFiles/wifi_test.dir/opt/pico-sdk/lib/lwip/src/core/timeouts.c.o
                0x000000001000c4c4                sys_timeouts_init
 .text.sys_check_timeouts
                0x000000001000c554       0x68 CMakeFiles/wifi_test.dir/opt/pico-sdk/lib/lwip/src/core/timeouts.c.o
                0x000000001000c554                sys_check_timeouts
 .text.sys_timeouts_sleeptime
                0x000000001000c5bc       0x28 CMakeFiles/wifi_test.dir/opt/pico-sdk/lib/lwip/src/core/timeouts.c.o
                0x000000001000c5bc                sys_timeouts_sleeptime
 .text.udp_init
                0x000000001000c5e4       0x20 CMakeFiles/wifi_test.dir/opt/pico-sdk/lib/lwip/src/core/udp.c.o
                0x000000001000c5e4                udp_init
 .text.udp_input
                0x000000001000c604      0x24c CMakeFiles/wifi_test.dir/opt/pico-sdk/lib/lwip/src/core/udp.c.o
                0x000000001000c604                udp_input
 .text.udp_bind
                0x000000001000c850      0x10c CMakeFiles/wifi_test.dir/opt/pico-sdk/lib/lwip/src/core/udp.c.o
                0x000000001000c850                udp_bind
 .text.udp_sendto_if_src
                0x000000001000c95c      0x130 CMakeFiles/wifi_test.dir/opt/pico-sdk/lib/lwip/src/core/udp.c.o
                0x000000001000c95c                udp_sendto_if_src
 .text.udp_sendto_if
                0x000000001000ca8c       0x48 CMakeFiles/wifi_test.dir/opt/pico-sdk/lib/lwip/src/core/udp.c.o
                0x000000001000ca8c                udp_sendto_if
 .text.udp_sendto
                0x000000001000cad4       0x7c CMakeFiles/wifi_test.dir/opt/pico-sdk/lib/lwip/src/core/udp.c.o
                0x000000001000cad4                udp_sendto
 .text.udp_connect
                0x000000001000cb50       0x64 CMakeFiles/wifi_test.dir/opt/pico-sdk/lib/lwip/src/core/udp.c.o
                0x000000001000cb50                udp_connect
 .text.udp_recv
                0x000000001000cbb4        0xc CMakeFiles/wifi_test.dir/opt/pico-sdk/lib/lwip/src/core/udp.c.o
                0x000000001000cbb4                udp_recv
 .text.udp_remove
                0x000000001000cbc0       0x3c CMakeFiles/wifi_test.dir/opt/pico-sdk/lib/lwip/src/core/udp.c.o
                0x000000001000cbc0                udp_remove
 .text.udp_new  0x000000001000cbfc       0x1c CMakeFiles/wifi_test.dir/opt/pico-sdk/lib/lwip/src/core/udp.c.o
                0x000000001000cbfc                udp_new
 .text.udp_netif_ip_addr_changed
                0x000000001000cc18       0x40 CMakeFiles/wifi_test.dir/opt/pico-sdk/lib/lwip/src/core/udp.c.o
                0x000000001000cc18                udp_netif_ip_addr_changed
 .text.dhcp_create_msg
                0x000000001000cc58      0x16c CMakeFiles/wifi_test.dir/opt/pico-sdk/lib/lwip/src/core/ipv4/dhcp.c.o
 .text.dhcp_inc_pcb_refcount
                0x000000001000cdc4       0x6c CMakeFiles/wifi_test.dir/opt/pico-sdk/lib/lwip/src/core/ipv4/dhcp.c.o
 .text.dhcp_bind
                0x000000001000ce30      0x11c CMakeFiles/wifi_test.dir/opt/pico-sdk/lib/lwip/src/core/ipv4/dhcp.c.o
 .text.dhcp_option_hostname.isra.0
                0x000000001000cf4c       0x8c CMakeFiles/wifi_test.dir/opt/pico-sdk/lib/lwip/src/core/ipv4/dhcp.c.o
 .text.dhcp_handle_ack.isra.0
                0x000000001000cfd8       0xcc CMakeFiles/wifi_test.dir/opt/pico-sdk/lib/lwip/src/core/ipv4/dhcp.c.o
 .text.dhcp_reboot.isra.0
                0x000000001000d0a4      0x1e4 CMakeFiles/wifi_test.dir/opt/pico-sdk/lib/lwip/src/core/ipv4/dhcp.c.o
 .text.dhcp_discover
                0x000000001000d288      0x1b8 CMakeFiles/wifi_test.dir/opt/pico-sdk/lib/lwip/src/core/ipv4/dhcp.c.o
 .text.dhcp_select.isra.0
                0x000000001000d440      0x268 CMakeFiles/wifi_test.dir/opt/pico-sdk/lib/lwip/src/core/ipv4/dhcp.c.o
 .text.dhcp_recv
                0x000000001000d6a8      0x494 CMakeFiles/wifi_test.dir/opt/pico-sdk/lib/lwip/src/core/ipv4/dhcp.c.o
 .text.dhcp_set_struct
                0x000000001000db3c       0x44 CMakeFiles/wifi_test.dir/opt/pico-sdk/lib/lwip/src/core/ipv4/dhcp.c.o
                0x000000001000db3c                dhcp_set_struct
 .text.dhcp_network_changed_link_up
                0x000000001000db80       0x40 CMakeFiles/wifi_test.dir/opt/pico-sdk/lib/lwip/src/core/ipv4/dhcp.c.o
                0x000000001000db80                dhcp_network_changed_link_up
 .text.dhcp_renew
                0x000000001000dbc0      0x1b8 CMakeFiles/wifi_test.dir/opt/pico-sdk/lib/lwip/src/core/ipv4/dhcp.c.o
                0x000000001000dbc0                dhcp_renew
 .text.dhcp_release_and_stop
                0x000000001000dd78      0x180 CMakeFiles/wifi_test.dir/opt/pico-sdk/lib/lwip/src/core/ipv4/dhcp.c.o
                0x000000001000dd78                dhcp_release_and_stop
 .text.dhcp_start
                0x000000001000def8       0xb0 CMakeFiles/wifi_test.dir/opt/pico-sdk/lib/lwip/src/core/ipv4/dhcp.c.o
                0x000000001000def8                dhcp_start
 .text.dhcp_coarse_tmr
                0x000000001000dfa8      0x238 CMakeFiles/wifi_test.dir/opt/pico-sdk/lib/lwip/src/core/ipv4/dhcp.c.o
                0x000000001000dfa8                dhcp_coarse_tmr
 .text.dhcp_fine_tmr
                0x000000001000e1e0       0x78 CMakeFiles/wifi_test.dir/opt/pico-sdk/lib/lwip/src/core/ipv4/dhcp.c.o
                0x000000001000e1e0                dhcp_fine_tmr
 .text.dhcp_stop
                0x000000001000e258      0x180 CMakeFiles/wifi_test.dir/opt/pico-sdk/lib/lwip/src/core/ipv4/dhcp.c.o
                0x000000001000e258                dhcp_stop
 .text.etharp_find_entry
                0x000000001000e3d8     0x1fbc CMakeFiles/wifi_test.dir/opt/pico-sdk/lib/lwip/src/core/ipv4/etharp.c.o
 .text.etharp_raw
                0x0000000010010394       0xec CMakeFiles/wifi_test.dir/opt/pico-sdk/lib/lwip/src/core/ipv4/etharp.c.o
 .text.etharp_output_to_arp_index
                0x0000000010010480       0xe4 CMakeFiles/wifi_test.dir/opt/pico-sdk/lib/lwip/src/core/ipv4/etharp.c.o
 .text.etharp_tmr
                0x0000000010010564       0x94 CMakeFiles/wifi_test.dir/opt/pico-sdk/lib/lwip/src/core/ipv4/etharp.c.o
                0x0000000010010564                etharp_tmr
 .text.etharp_cleanup_netif
                0x00000000100105f8      0x188 CMakeFiles/wifi_test.dir/opt/pico-sdk/lib/lwip/src/core/ipv4/etharp.c.o
                0x00000000100105f8                etharp_cleanup_netif
 .text.etharp_input
                0x0000000010010780      0x1b0 CMakeFiles/wifi_test.dir/opt/pico-sdk/lib/lwip/src/core/ipv4/etharp.c.o
                0x0000000010010780                etharp_input
 .text.etharp_query
                0x0000000010010930      0x1c0 CMakeFiles/wifi_test.dir/opt/pico-sdk/lib/lwip/src/core/ipv4/etharp.c.o
                0x0000000010010930                etharp_query
 .text.etharp_output
                0x0000000010010af0      0x24c CMakeFiles/wifi_test.dir/opt/pico-sdk/lib/lwip/src/core/ipv4/etharp.c.o
                0x0000000010010af0                etharp_output
 .text.etharp_request
                0x0000000010010d3c       0x2c CMakeFiles/wifi_test.dir/opt/pico-sdk/lib/lwip/src/core/ipv4/etharp.c.o
                0x0000000010010d3c                etharp_request
 .text.icmp_input
                0x0000000010010d68      0x1ec CMakeFiles/wifi_test.dir/opt/pico-sdk/lib/lwip/src/core/ipv4/icmp.c.o
                0x0000000010010d68                icmp_input
 .text.icmp_dest_unreach
                0x0000000010010f54       0xd0 CMakeFiles/wifi_test.dir/opt/pico-sdk/lib/lwip/src/core/ipv4/icmp.c.o
                0x0000000010010f54                icmp_dest_unreach
 .text.icmp_time_exceeded
                0x0000000010011024       0xd0 CMakeFiles/wifi_test.dir/opt/pico-sdk/lib/lwip/src/core/ipv4/icmp.c.o
                0x0000000010011024                icmp_time_exceeded
 .text.ip_reass_free_complete_datagram
                0x00000000100110f4      0x114 CMakeFiles/wifi_test.dir/opt/pico-sdk/lib/lwip/src/core/ipv4/ip4_frag.c.o
 .text.ip_reass_remove_oldest_datagram
                0x0000000010011208       0xd8 CMakeFiles/wifi_test.dir/opt/pico-sdk/lib/lwip/src/core/ipv4/ip4_frag.c.o
 .text.ip_reass_tmr
                0x00000000100112e0       0x38 CMakeFiles/wifi_test.dir/opt/pico-sdk/lib/lwip/src/core/ipv4/ip4_frag.c.o
                0x00000000100112e0                ip_reass_tmr
 .text.ip4_reass
                0x0000000010011318      0x534 CMakeFiles/wifi_test.dir/opt/pico-sdk/lib/lwip/src/core/ipv4/ip4_frag.c.o
                0x0000000010011318                ip4_reass
 .text.ip4_frag
                0x000000001001184c      0x17c CMakeFiles/wifi_test.dir/opt/pico-sdk/lib/lwip/src/core/ipv4/ip4_frag.c.o
                0x000000001001184c                ip4_frag
 .text.ip4_route
                0x00000000100119c8       0x7c CMakeFiles/wifi_test.dir/opt/pico-sdk/lib/lwip/src/core/ipv4/ip4.c.o
                0x00000000100119c8                ip4_route
 .text.ip4_input
                0x0000000010011a44      0x2cc CMakeFiles/wifi_test.dir/opt/pico-sdk/lib/lwip/src/core/ipv4/ip4.c.o
                0x0000000010011a44                ip4_input
 .text.ip4_output_if
                0x0000000010011d10      0x190 CMakeFiles/wifi_test.dir/opt/pico-sdk/lib/lwip/src/core/ipv4/ip4.c.o
                0x0000000010011d10                ip4_output_if
 .text.ip4_output_if_src
                0x0000000010011ea0      0x17c CMakeFiles/wifi_test.dir/opt/pico-sdk/lib/lwip/src/core/ipv4/ip4.c.o
                0x0000000010011ea0                ip4_output_if_src
 .text.ip4_addr_isbroadcast_u32
                0x000000001001201c       0x3c CMakeFiles/wifi_test.dir/opt/pico-sdk/lib/lwip/src/core/ipv4/ip4_addr.c.o
                0x000000001001201c                ip4_addr_isbroadcast_u32
 .text.ethernet_input
                0x0000000010012058       0xd0 CMakeFiles/wifi_test.dir/opt/pico-sdk/lib/lwip/src/netif/ethernet.c.o
                0x0000000010012058                ethernet_input
 .text.ethernet_output
                0x0000000010012128       0x6c CMakeFiles/wifi_test.dir/opt/pico-sdk/lib/lwip/src/netif/ethernet.c.o
                0x0000000010012128                ethernet_output
 .text.cyw43_arch_wifi_connect_bssid_until.part.0
                0x0000000010012194       0xd8 CMakeFiles/wifi_test.dir/opt/pico-sdk/src/rp2_common/pico_cyw43_arch/cyw43_arch.c.o
 .text.cyw43_arch_set_async_context
                0x000000001001226c        0xc CMakeFiles/wifi_test.dir/opt/pico-sdk/src/rp2_common/pico_cyw43_arch/cyw43_arch.c.o
                0x000000001001226c                cyw43_arch_set_async_context
 .text.cyw43_arch_enable_sta_mode
                0x0000000010012278       0x1c CMakeFiles/wifi_test.dir/opt/pico-sdk/src/rp2_common/pico_cyw43_arch/cyw43_arch.c.o
                0x0000000010012278                cyw43_arch_enable_sta_mode
 .text.cyw43_arch_wifi_connect_timeout_ms
                0x0000000010012294       0x9c CMakeFiles/wifi_test.dir/opt/pico-sdk/src/rp2_common/pico_cyw43_arch/cyw43_arch.c.o
                0x0000000010012294                cyw43_arch_wifi_connect_timeout_ms
 .text.cyw43_arch_async_context
                0x0000000010012330        0xc CMakeFiles/wifi_test.dir/opt/pico-sdk/src/rp2_common/pico_cyw43_arch/cyw43_arch.c.o
                0x0000000010012330                cyw43_arch_async_context
 .text.cyw43_arch_init
                0x000000001001233c       0x80 CMakeFiles/wifi_test.dir/opt/pico-sdk/src/rp2_common/pico_cyw43_arch/cyw43_arch_threadsafe_background.c.o
                0x000000001001233c                cyw43_arch_init
 .text.ns_delay.constprop.0
                0x00000000100123bc       0x20 CMakeFiles/wifi_test.dir/opt/pico-sdk/src/rp2_common/pico_cyw43_driver/cyw43_bus_pio_spi.c.o
 .text.cyw43_spi_deinit
                0x00000000100123dc       0x6c CMakeFiles/wifi_test.dir/opt/pico-sdk/src/rp2_common/pico_cyw43_driver/cyw43_bus_pio_spi.c.o
                0x00000000100123dc                cyw43_spi_deinit
 .text.cyw43_spi_init
                0x0000000010012448      0x12c CMakeFiles/wifi_test.dir/opt/pico-sdk/src/rp2_common/pico_cyw43_driver/cyw43_bus_pio_spi.c.o
                0x0000000010012448                cyw43_spi_init
 .text.cyw43_spi_transfer
                0x0000000010012574      0x410 CMakeFiles/wifi_test.dir/opt/pico-sdk/src/rp2_common/pico_cyw43_driver/cyw43_bus_pio_spi.c.o
                0x0000000010012574                cyw43_spi_transfer
 .text.cyw43_spi_gpio_setup
                0x0000000010012984       0x3c CMakeFiles/wifi_test.dir/opt/pico-sdk/src/rp2_common/pico_cyw43_driver/cyw43_bus_pio_spi.c.o
                0x0000000010012984                cyw43_spi_gpio_setup
 .text.cyw43_spi_reset
                0x00000000100129c0       0x28 CMakeFiles/wifi_test.dir/opt/pico-sdk/src/rp2_common/pico_cyw43_driver/cyw43_bus_pio_spi.c.o
                0x00000000100129c0                cyw43_spi_reset
 .text.read_reg_u32_swap
                0x00000000100129e8       0x3c CMakeFiles/wifi_test.dir/opt/pico-sdk/src/rp2_common/pico_cyw43_driver/cyw43_bus_pio_spi.c.o
                0x00000000100129e8                read_reg_u32_swap
 .text.cyw43_read_reg_u32
                0x0000000010012a24       0x6c CMakeFiles/wifi_test.dir/opt/pico-sdk/src/rp2_common/pico_cyw43_driver/cyw43_bus_pio_spi.c.o
                0x0000000010012a24                cyw43_read_reg_u32
 .text.cyw43_read_reg_u16
                0x0000000010012a90       0x6c CMakeFiles/wifi_test.dir/opt/pico-sdk/src/rp2_common/pico_cyw43_driver/cyw43_bus_pio_spi.c.o
                0x0000000010012a90                cyw43_read_reg_u16
 .text.cyw43_read_reg_u8
                0x0000000010012afc       0x6c CMakeFiles/wifi_test.dir/opt/pico-sdk/src/rp2_common/pico_cyw43_driver/cyw43_bus_pio_spi.c.o
                0x0000000010012afc                cyw43_read_reg_u8
 .text.write_reg_u32_swap
                0x0000000010012b68      0x208 CMakeFiles/wifi_test.dir/opt/pico-sdk/src/rp2_common/pico_cyw43_driver/cyw43_bus_pio_spi.c.o
                0x0000000010012b68                write_reg_u32_swap
 .text.cyw43_write_reg_u32
                0x0000000010012d70      0x208 CMakeFiles/wifi_test.dir/opt/pico-sdk/src/rp2_common/pico_cyw43_driver/cyw43_bus_pio_spi.c.o
                0x0000000010012d70                cyw43_write_reg_u32
 .text.cyw43_write_reg_u16
                0x0000000010012f78      0x208 CMakeFiles/wifi_test.dir/opt/pico-sdk/src/rp2_common/pico_cyw43_driver/cyw43_bus_pio_spi.c.o
                0x0000000010012f78                cyw43_write_reg_u16
 .text.cyw43_write_reg_u8
                0x0000000010013180      0x208 CMakeFiles/wifi_test.dir/opt/pico-sdk/src/rp2_common/pico_cyw43_driver/cyw43_bus_pio_spi.c.o
                0x0000000010013180                cyw43_write_reg_u8
 .text.cyw43_read_bytes
                0x0000000010013388       0x78 CMakeFiles/wifi_test.dir/opt/pico-sdk/src/rp2_common/pico_cyw43_driver/cyw43_bus_pio_spi.c.o
                0x0000000010013388                cyw43_read_bytes
 .text.cyw43_write_bytes
                0x0000000010013400       0xec CMakeFiles/wifi_test.dir/opt/pico-sdk/src/rp2_common/pico_cyw43_driver/cyw43_bus_pio_spi.c.o
                0x0000000010013400                cyw43_write_bytes
 .text.cyw43_set_backplane_window
                0x00000000100134ec       0x64 CMakeFiles/wifi_test.dir/opt/pico-sdk/lib/cyw43-driver/src/cyw43_ll.c.o
 .text.cyw43_ll_parse_async_event
                0x0000000010013550      0x13c CMakeFiles/wifi_test.dir/opt/pico-sdk/lib/cyw43-driver/src/cyw43_ll.c.o
 .text.cyw43_kso_set
                0x000000001001368c       0xa0 CMakeFiles/wifi_test.dir/opt/pico-sdk/lib/cyw43-driver/src/cyw43_ll.c.o
 .text.cyw43_ll_sdpcm_poll_device
                0x000000001001372c      0x238 CMakeFiles/wifi_test.dir/opt/pico-sdk/lib/cyw43-driver/src/cyw43_ll.c.o
 .text.cyw43_sdpcm_send_common
                0x0000000010013964       0xf8 CMakeFiles/wifi_test.dir/opt/pico-sdk/lib/cyw43-driver/src/cyw43_ll.c.o
 .text.cyw43_do_ioctl.part.0
                0x0000000010013a5c       0xc4 CMakeFiles/wifi_test.dir/opt/pico-sdk/lib/cyw43-driver/src/cyw43_ll.c.o
 .text.cyw43_download_resource
                0x0000000010013b20       0xd0 CMakeFiles/wifi_test.dir/opt/pico-sdk/lib/cyw43-driver/src/cyw43_ll.c.o
 .text.cyw43_write_iovar_n
                0x0000000010013bf0       0x8c CMakeFiles/wifi_test.dir/opt/pico-sdk/lib/cyw43-driver/src/cyw43_ll.c.o
 .text.cyw43_write_iovar_u32
                0x0000000010013c7c       0xa4 CMakeFiles/wifi_test.dir/opt/pico-sdk/lib/cyw43-driver/src/cyw43_ll.c.o
 .text.cyw43_write_iovar_u32_u32.constprop.0
                0x0000000010013d20       0xb0 CMakeFiles/wifi_test.dir/opt/pico-sdk/lib/cyw43-driver/src/cyw43_ll.c.o
 .text.cyw43_read_backplane.constprop.0
                0x0000000010013dd0       0xdc CMakeFiles/wifi_test.dir/opt/pico-sdk/lib/cyw43-driver/src/cyw43_ll.c.o
 .text.cyw43_write_backplane
                0x0000000010013eac      0x104 CMakeFiles/wifi_test.dir/opt/pico-sdk/lib/cyw43-driver/src/cyw43_ll.c.o
 .text.reset_device_core.constprop.0
                0x0000000010013fb0      0x3f0 CMakeFiles/wifi_test.dir/opt/pico-sdk/lib/cyw43-driver/src/cyw43_ll.c.o
 .text.cyw43_ll_init
                0x00000000100143a0       0x1c CMakeFiles/wifi_test.dir/opt/pico-sdk/lib/cyw43-driver/src/cyw43_ll.c.o
                0x00000000100143a0                cyw43_ll_init
 .text.cyw43_ll_deinit
                0x00000000100143bc        0x8 CMakeFiles/wifi_test.dir/opt/pico-sdk/lib/cyw43-driver/src/cyw43_ll.c.o
                0x00000000100143bc                cyw43_ll_deinit
 .text.cyw43_ll_send_ethernet
                0x00000000100143c4       0x60 CMakeFiles/wifi_test.dir/opt/pico-sdk/lib/cyw43-driver/src/cyw43_ll.c.o
                0x00000000100143c4                cyw43_ll_send_ethernet
 .text.cyw43_ll_process_packets
                0x0000000010014424       0x54 CMakeFiles/wifi_test.dir/opt/pico-sdk/lib/cyw43-driver/src/cyw43_ll.c.o
                0x0000000010014424                cyw43_ll_process_packets
 .text.cyw43_ll_ioctl
                0x0000000010014478       0x80 CMakeFiles/wifi_test.dir/opt/pico-sdk/lib/cyw43-driver/src/cyw43_ll.c.o
                0x0000000010014478                cyw43_ll_ioctl
 .text.cyw43_ll_bus_sleep
                0x00000000100144f8       0x34 CMakeFiles/wifi_test.dir/opt/pico-sdk/lib/cyw43-driver/src/cyw43_ll.c.o
                0x00000000100144f8                cyw43_ll_bus_sleep
 .text.cyw43_ll_wifi_on
                0x000000001001452c      0x220 CMakeFiles/wifi_test.dir/opt/pico-sdk/lib/cyw43-driver/src/cyw43_ll.c.o
                0x000000001001452c                cyw43_ll_wifi_on
 .text.cyw43_ll_wifi_get_mac